Archive member included to satisfy reference by file (symbol)

c:/program files (x86)/atmel/studio/7.0/toolchain/arm/arm-gnu-toolchain/bin/../lib/gcc/arm-none-eabi/5.3.1/armv6-m\libgcc.a(_udivsi3.o)
                              src/Source/ad_dat.o (__aeabi_uidiv)
c:/program files (x86)/atmel/studio/7.0/toolchain/arm/arm-gnu-toolchain/bin/../lib/gcc/arm-none-eabi/5.3.1/armv6-m\libgcc.a(_divsi3.o)
                              src/Source/protect.o (__aeabi_idiv)
c:/program files (x86)/atmel/studio/7.0/toolchain/arm/arm-gnu-toolchain/bin/../lib/gcc/arm-none-eabi/5.3.1/armv6-m\libgcc.a(_dvmd_tls.o)
                              c:/program files (x86)/atmel/studio/7.0/toolchain/arm/arm-gnu-toolchain/bin/../lib/gcc/arm-none-eabi/5.3.1/armv6-m\libgcc.a(_udivsi3.o) (__aeabi_idiv0)
c:/program files (x86)/atmel/studio/7.0/toolchain/arm/arm-gnu-toolchain/bin/../lib/gcc/arm-none-eabi/5.3.1/armv6-m\libgcc.a(_muldi3.o)
                              src/ASF/sam0/drivers/sercom/sercom.o (__aeabi_lmul)
c:/program files (x86)/atmel/studio/7.0/toolchain/arm/arm-gnu-toolchain/bin/../lib/gcc/arm-none-eabi/5.3.1/../../../../arm-none-eabi/lib/armv6-m\libc_nano.a(lib_a-exit.o)
                              c:/program files (x86)/atmel/studio/7.0/toolchain/arm/arm-gnu-toolchain/bin/../lib/gcc/arm-none-eabi/5.3.1/../../../../arm-none-eabi/lib/armv6-m/crt0.o (exit)
c:/program files (x86)/atmel/studio/7.0/toolchain/arm/arm-gnu-toolchain/bin/../lib/gcc/arm-none-eabi/5.3.1/../../../../arm-none-eabi/lib/armv6-m\libc_nano.a(lib_a-impure.o)
                              c:/program files (x86)/atmel/studio/7.0/toolchain/arm/arm-gnu-toolchain/bin/../lib/gcc/arm-none-eabi/5.3.1/../../../../arm-none-eabi/lib/armv6-m\libc_nano.a(lib_a-exit.o) (_global_impure_ptr)
c:/program files (x86)/atmel/studio/7.0/toolchain/arm/arm-gnu-toolchain/bin/../lib/gcc/arm-none-eabi/5.3.1/../../../../arm-none-eabi/lib/armv6-m\libc_nano.a(lib_a-init.o)
                              c:/program files (x86)/atmel/studio/7.0/toolchain/arm/arm-gnu-toolchain/bin/../lib/gcc/arm-none-eabi/5.3.1/../../../../arm-none-eabi/lib/armv6-m/crt0.o (__libc_init_array)
c:/program files (x86)/atmel/studio/7.0/toolchain/arm/arm-gnu-toolchain/bin/../lib/gcc/arm-none-eabi/5.3.1/../../../../arm-none-eabi/lib/armv6-m\libc_nano.a(lib_a-memcpy-stub.o)
                              src/ASF/sam0/drivers/can/can.o (memcpy)
c:/program files (x86)/atmel/studio/7.0/toolchain/arm/arm-gnu-toolchain/bin/../lib/gcc/arm-none-eabi/5.3.1/../../../../arm-none-eabi/lib/armv6-m\libc_nano.a(lib_a-memset.o)
                              c:/program files (x86)/atmel/studio/7.0/toolchain/arm/arm-gnu-toolchain/bin/../lib/gcc/arm-none-eabi/5.3.1/../../../../arm-none-eabi/lib/armv6-m/crt0.o (memset)
c:/program files (x86)/atmel/studio/7.0/toolchain/arm/arm-gnu-toolchain/bin/../lib/gcc/arm-none-eabi/5.3.1/../../../../arm-none-eabi/lib/armv6-m\libc_nano.a(lib_a-setbuf.o)
                              src/Source/usart.o (setbuf)
c:/program files (x86)/atmel/studio/7.0/toolchain/arm/arm-gnu-toolchain/bin/../lib/gcc/arm-none-eabi/5.3.1/../../../../arm-none-eabi/lib/armv6-m\libc_nano.a(lib_a-setvbuf.o)
                              c:/program files (x86)/atmel/studio/7.0/toolchain/arm/arm-gnu-toolchain/bin/../lib/gcc/arm-none-eabi/5.3.1/../../../../arm-none-eabi/lib/armv6-m\libc_nano.a(lib_a-setbuf.o) (setvbuf)
c:/program files (x86)/atmel/studio/7.0/toolchain/arm/arm-gnu-toolchain/bin/../lib/gcc/arm-none-eabi/5.3.1/../../../../arm-none-eabi/lib/armv6-m\libc_nano.a(lib_a-fflush.o)
                              c:/program files (x86)/atmel/studio/7.0/toolchain/arm/arm-gnu-toolchain/bin/../lib/gcc/arm-none-eabi/5.3.1/../../../../arm-none-eabi/lib/armv6-m\libc_nano.a(lib_a-setvbuf.o) (_fflush_r)
c:/program files (x86)/atmel/studio/7.0/toolchain/arm/arm-gnu-toolchain/bin/../lib/gcc/arm-none-eabi/5.3.1/../../../../arm-none-eabi/lib/armv6-m\libc_nano.a(lib_a-findfp.o)
                              c:/program files (x86)/atmel/studio/7.0/toolchain/arm/arm-gnu-toolchain/bin/../lib/gcc/arm-none-eabi/5.3.1/../../../../arm-none-eabi/lib/armv6-m\libc_nano.a(lib_a-setvbuf.o) (__sinit)
c:/program files (x86)/atmel/studio/7.0/toolchain/arm/arm-gnu-toolchain/bin/../lib/gcc/arm-none-eabi/5.3.1/../../../../arm-none-eabi/lib/armv6-m\libc_nano.a(lib_a-fwalk.o)
                              c:/program files (x86)/atmel/studio/7.0/toolchain/arm/arm-gnu-toolchain/bin/../lib/gcc/arm-none-eabi/5.3.1/../../../../arm-none-eabi/lib/armv6-m\libc_nano.a(lib_a-findfp.o) (_fwalk)
c:/program files (x86)/atmel/studio/7.0/toolchain/arm/arm-gnu-toolchain/bin/../lib/gcc/arm-none-eabi/5.3.1/../../../../arm-none-eabi/lib/armv6-m\libc_nano.a(lib_a-makebuf.o)
                              c:/program files (x86)/atmel/studio/7.0/toolchain/arm/arm-gnu-toolchain/bin/../lib/gcc/arm-none-eabi/5.3.1/../../../../arm-none-eabi/lib/armv6-m\libc_nano.a(lib_a-setvbuf.o) (__swhatbuf_r)
[...]
Memory Configuration

Name             Origin             Length             Attributes
rom              0x00000000         0x00040000         xr
ram              0x20000000         0x00008000         xrw
*default*        0x00000000         0xffffffff

Linker script and memory map

LOAD c:/program files (x86)/atmel/studio/7.0/toolchain/arm/arm-gnu-toolchain/bin/../lib/gcc/arm-none-eabi/5.3.1/armv6-m/crti.o
LOAD c:/program files (x86)/atmel/studio/7.0/toolchain/arm/arm-gnu-toolchain/bin/../lib/gcc/arm-none-eabi/5.3.1/armv6-m/crtbegin.o
LOAD c:/program files (x86)/atmel/studio/7.0/toolchain/arm/arm-gnu-toolchain/bin/../lib/gcc/arm-none-eabi/5.3.1/../../../../arm-none-eabi/lib/armv6-m/crt0.o
LOAD src/Source/ad_dat.o
LOAD src/Source/afe_wr.o
LOAD src/Source/flash.o
LOAD src/Source/history.o
LOAD src/Source/power.o
LOAD src/Source/protect.o
LOAD src/Source/soc.o
LOAD src/Source/spi.o
LOAD src/Source/wdt.o
LOAD src/ASF/common2/services/delay/sam0/systick_counter.o
LOAD src/ASF/sam0/drivers/adc/adc_sam_l_c/adc.o
LOAD src/ASF/sam0/drivers/can/can.o
LOAD src/ASF/sam0/drivers/extint/extint_callback.o
LOAD src/ASF/sam0/drivers/extint/extint_sam_l_c/extint.o
LOAD src/ASF/sam0/drivers/nvm/nvm.o
LOAD src/ASF/sam0/drivers/port/port.o
LOAD src/ASF/sam0/drivers/sercom/sercom.o
LOAD src/ASF/sam0/drivers/sercom/sercom_interrupt.o
LOAD src/ASF/sam0/drivers/sercom/spi/spi.o
LOAD src/ASF/sam0/drivers/sercom/usart/usart.o
LOAD src/ASF/sam0/drivers/sercom/usart/usart_interrupt.o
LOAD src/ASF/sam0/drivers/wdt/wdt.o
LOAD src/ASF/sam0/utils/stdio/read.o
LOAD src/ASF/sam0/utils/stdio/write.o
LOAD src/Source/led.o
LOAD src/Source/usart.o
LOAD src/ASF/common2/boards/user_board/init.o
LOAD src/ASF/common/utils/interrupt/interrupt_sam_nvic.o
LOAD src/ASF/sam0/drivers/system/clock/clock_samc20_c21/clock.o
LOAD src/ASF/sam0/drivers/system/clock/clock_samc20_c21/gclk.o
LOAD src/ASF/sam0/drivers/system/interrupt/system_interrupt.o
LOAD src/ASF/sam0/drivers/system/pinmux/pinmux.o
LOAD src/ASF/sam0/drivers/system/system.o
LOAD src/ASF/sam0/utils/cmsis/samc21/source/gcc/startup_samc21.o
LOAD src/ASF/sam0/utils/cmsis/samc21/source/system_samc21.o
LOAD src/ASF/sam0/utils/syscalls/gcc/syscalls.o
LOAD src/main.o
START GROUP
LOAD ../src/ASF/thirdparty/CMSIS/Lib/GCC\libarm_cortexM0l_math.a
LOAD c:/program files (x86)/atmel/studio/7.0/toolchain/arm/arm-gnu-toolchain/bin/../lib/gcc/arm-none-eabi/5.3.1/../../../../arm-none-eabi/lib/armv6-m\libm.a
END GROUP
START GROUP
LOAD c:/program files (x86)/atmel/studio/7.0/toolchain/arm/arm-gnu-toolchain/bin/../lib/gcc/arm-none-eabi/5.3.1/armv6-m\libgcc.a
LOAD c:/program files (x86)/atmel/studio/7.0/toolchain/arm/arm-gnu-toolchain/bin/../lib/gcc/arm-none-eabi/5.3.1/../../../../arm-none-eabi/lib/armv6-m\libc_nano.a
END GROUP
START GROUP
LOAD c:/program files (x86)/atmel/studio/7.0/toolchain/arm/arm-gnu-toolchain/bin/../lib/gcc/arm-none-eabi/5.3.1/armv6-m\libgcc.a
LOAD c:/program files (x86)/atmel/studio/7.0/toolchain/arm/arm-gnu-toolchain/bin/../lib/gcc/arm-none-eabi/5.3.1/../../../../arm-none-eabi/lib/armv6-m\libc_nano.a
END GROUP
LOAD c:/program files (x86)/atmel/studio/7.0/toolchain/arm/arm-gnu-toolchain/bin/../lib/gcc/arm-none-eabi/5.3.1/armv6-m/crtend.o
LOAD c:/program files (x86)/atmel/studio/7.0/toolchain/arm/arm-gnu-toolchain/bin/../lib/gcc/arm-none-eabi/5.3.1/armv6-m/crtn.o
                0x00002000                STACK_SIZE = DEFINED (STACK_SIZE)?STACK_SIZE:DEFINED (__stack_size__)?__stack_size__:0x2000

.text           0x00000000     0x5780
                0x00000000                . = ALIGN (0x4)
                0x00000000                _sfixed = .
 *(.vectors .vectors.*)
 .vectors       0x00000000       0xbc src/ASF/sam0/utils/cmsis/samc21/source/gcc/startup_samc21.o
                0x00000000                exception_table
 *(.text .text.* .gnu.linkonce.t.*)
 .text          0x000000bc       0x60 c:/program files (x86)/atmel/studio/7.0/toolchain/arm/arm-gnu-toolchain/bin/../lib/gcc/arm-none-eabi/5.3.1/armv6-m/crtbegin.o
 .text.vAPI_IndexNtcTemp
                0x0000011c       0x34 src/Source/ad_dat.o
                0x0000011c                vAPI_IndexNtcTemp
 .text.vAPI_ADC_Read_Data_bal_1
                0x00000150       0xc4 src/Source/ad_dat.o
                0x00000150                vAPI_ADC_Read_Data_bal_1
 .text.vAPI_CalcCell
                0x00000214      0x168 src/Source/ad_dat.o
                0x00000214                vAPI_CalcCell
 .text.vAPI_CalcTempture
                0x0000037c       0xe0 src/Source/ad_dat.o
                0x0000037c                vAPI_CalcTempture
 .text.vAPI_ADC_Read_Data_bal_2
                0x0000045c       0x40 src/Source/ad_dat.o
                0x0000045c                vAPI_ADC_Read_Data_bal_2
 .text.vAPI_ADC_Read_Data
                0x0000049c       0xfc src/Source/ad_dat.o
                0x0000049c                vAPI_ADC_Read_Data
 .text.AFE_HardwareProtection_Write
                0x00000598      0x138 src/Source/ad_dat.o
                0x00000598                AFE_HardwareProtection_Write
 .text.AFE_Init
                0x000006d0       0x4c src/Source/afe_wr.o
                0x000006d0                AFE_Init
 .text.Cells_Bal_Close
                0x0000071c       0x5c src/Source/afe_wr.o
                0x0000071c                Cells_Bal_Close
 .text.AFE_ONE_VPC_ADC
                0x00000778       0x64 src/Source/afe_wr.o
                0x00000778                AFE_ONE_VPC_ADC
 .text.SPI_AllReg_WR
                0x000007dc      0x180 src/Source/afe_wr.o
                0x000007dc                SPI_AllReg_WR
 .text.AFE_Reg_Read
                0x0000095c        0xc src/Source/afe_wr.o
                0x0000095c                AFE_Reg_Read
 .text.AFE_HardwareProtection_Read
                0x00000968      0x224 src/Source/afe_wr.o
                0x00000968                AFE_HardwareProtection_Read
 .text.Cells_Bal_Judge
                0x00000b8c       0xb4 src/Source/afe_wr.o
                0x00000b8c                Cells_Bal_Judge
 .text.Cells_Bal_Open
                0x00000c40       0x64 src/Source/afe_wr.o
                0x00000c40                Cells_Bal_Open
 .text.Configure_Flash
                0x00000ca4       0x30 src/Source/flash.o
                0x00000ca4                Configure_Flash
 .text.Bsp_Erase_Row
                0x00000cd4       0x14 src/Source/flash.o
                0x00000cd4                Bsp_Erase_Row
 .text.Bsp_Write_Buffer
                0x00000ce8       0x1c src/Source/flash.o
                0x00000ce8                Bsp_Write_Buffer
 .text.Bsp_Read_Buffer
                0x00000d04       0x1c src/Source/flash.o
                0x00000d04                Bsp_Read_Buffer
 .text.EEPROM_To_RAM
                0x00000d20       0xe4 src/Source/flash.o
                0x00000d20                EEPROM_To_RAM
 .text.EEPROM_Init
                0x00000e04       0xe0 src/Source/flash.o
                0x00000e04                EEPROM_Init
 .text.EEPROM_BACKUP_READ
                0x00000ee4       0x58 src/Source/flash.o
                0x00000ee4                EEPROM_BACKUP_READ
 .text.SYS_EEPROM_Init
                0x00000f3c       0x58 src/Source/flash.o
                0x00000f3c                SYS_EEPROM_Init
 .text.EEPROM_Write_DATA
                0x00000f94       0x84 src/Source/history.o
                0x00000f94                EEPROM_Write_DATA
 .text.His_Data_Save
                0x00001018      0x250 src/Source/history.o
                0x00001018                His_Data_Save
 .text.PowerOn_Init
                0x00001268       0xd8 src/Source/power.o
                0x00001268                PowerOn_Init
 .text.HardwareProtection
                0x00001340       0xb0 src/Source/protect.o
                0x00001340                HardwareProtection
 .text.SoftwareProtection
                0x000013f0      0x210 src/Source/protect.o
                0x000013f0                SoftwareProtection
 .text.SoftMeansureControl
                0x00001600      0x134 src/Source/protect.o
                0x00001600                SoftMeansureControl
 .text.Cell_Balance
                0x00001734       0xfc src/Source/protect.o
                0x00001734                Cell_Balance
 .text.PCB_Protect
                0x00001830       0x58 src/Source/protect.o
                0x00001830                PCB_Protect
 .text.AFE_Control
                0x00001888       0x2c src/Source/protect.o
                0x00001888                AFE_Control
 .text.VbatToSoc
                0x000018b4       0x50 src/Source/soc.o
                0x000018b4                VbatToSoc
 .text.Cap_Update_Check
                0x00001904      0x33c src/Source/soc.o
                0x00001904                Cap_Update_Check
 .text.FullCap_Update
                0x00001c40      0x19c src/Source/soc.o
                0x00001c40                FullCap_Update
 .text.SOC_FLASH_Save
                0x00001ddc       0x94 src/Source/soc.o
                0x00001ddc                SOC_FLASH_Save
 .text.BatCycleProc
                0x00001e70      0x244 src/Source/soc.o
                0x00001e70                BatCycleProc
 .text.NormalCapacityProc
                0x000020b4      0x160 src/Source/soc.o
                0x000020b4                NormalCapacityProc
 .text.ADIRQ2_Extint_Callback
                0x00002214       0x10 src/Source/spi.o
                0x00002214                ADIRQ2_Extint_Callback
 .text.SPI_Write_Buff
                0x00002224       0x18 src/Source/spi.o
                0x00002224                SPI_Write_Buff
 .text.SPI_Read_Buff
                0x0000223c       0x18 src/Source/spi.o
                0x0000223c                SPI_Read_Buff
 .text.SPI_Slave_Low
                0x00002254       0x1c src/Source/spi.o
                0x00002254                SPI_Slave_Low
 .text.Configure_Spi_Master
                0x00002270      0x158 src/Source/spi.o
                0x00002270                Configure_Spi_Master
 .text.SPI_Slave_High
                0x000023c8       0x1c src/Source/spi.o
                0x000023c8                SPI_Slave_High
 .text.vSPI_Wait
                0x000023e4       0x2c src/Source/spi.o
                0x000023e4                vSPI_Wait
 .text.ucCRC_Calc
                0x00002410       0x2c src/Source/spi.o
                0x00002410                ucCRC_Calc
 .text.ucSPI_Write
                0x0000243c       0xdc src/Source/spi.o
                0x0000243c                ucSPI_Write
 .text.ucSPI_Read
                0x00002518       0xf8 src/Source/spi.o
                0x00002518                ucSPI_Read
 .text.ucSPI_Continue_Read
                0x00002610      0x12c src/Source/spi.o
                0x00002610                ucSPI_Continue_Read
 .text.Wdt_Clear
                0x0000273c        0xc src/Source/wdt.o
                0x0000273c                Wdt_Clear
 .text.delay_init
                0x00002748       0x40 src/ASF/common2/services/delay/sam0/systick_counter.o
                0x00002748                delay_init
 .text.delay_cycles_us
                0x00002788       0x2c src/ASF/common2/services/delay/sam0/systick_counter.o
                0x00002788                delay_cycles_us
 .text.delay_cycles_ms
                0x000027b4       0x2c src/ASF/common2/services/delay/sam0/systick_counter.o
                0x000027b4                delay_cycles_ms
 .text.extint_register_callback
                0x000027e0       0x2c src/ASF/sam0/drivers/extint/extint_callback.o
                0x000027e0                extint_register_callback
 .text.extint_chan_enable_callback
                0x0000280c       0x20 src/ASF/sam0/drivers/extint/extint_callback.o
                0x0000280c                extint_chan_enable_callback
 .text.EIC_Handler
                0x0000282c       0x68 src/ASF/sam0/drivers/extint/extint_callback.o
                0x0000282c                EIC_Handler
 .text._extint_enable
                0x00002894       0x20 src/ASF/sam0/drivers/extint/extint_sam_l_c/extint.o
 .text._extint_disable
                0x000028b4       0x20 src/ASF/sam0/drivers/extint/extint_sam_l_c/extint.o
 .text._system_extint_init
                0x000028d4       0x84 src/ASF/sam0/drivers/extint/extint_sam_l_c/extint.o
                0x000028d4                _system_extint_init
 .text.extint_chan_get_config_defaults
                0x00002958       0x14 src/ASF/sam0/drivers/extint/extint_sam_l_c/extint.o
                0x00002958                extint_chan_get_config_defaults
 .text.extint_chan_set_config
                0x0000296c       0x88 src/ASF/sam0/drivers/extint/extint_sam_l_c/extint.o
                0x0000296c                extint_chan_set_config
 .text.nvm_set_config
                0x000029f4       0x8c src/ASF/sam0/drivers/nvm/nvm.o
                0x000029f4                nvm_set_config
 .text.nvm_execute_command
                0x00002a80       0xbc src/ASF/sam0/drivers/nvm/nvm.o
                0x00002a80                nvm_execute_command
 .text.nvm_write_buffer
                0x00002b3c       0xd0 src/ASF/sam0/drivers/nvm/nvm.o
                0x00002b3c                nvm_write_buffer
 .text.nvm_read_buffer
                0x00002c0c       0x78 src/ASF/sam0/drivers/nvm/nvm.o
                0x00002c0c                nvm_read_buffer
 .text.nvm_erase_row
                0x00002c84       0x84 src/ASF/sam0/drivers/nvm/nvm.o
                0x00002c84                nvm_erase_row
 .text.port_pin_set_config
                0x00002d08       0x24 src/ASF/sam0/drivers/port/port.o
                0x00002d08                port_pin_set_config
 .text._sercom_get_sync_baud_val
                0x00002d2c       0x28 src/ASF/sam0/drivers/sercom/sercom.o
                0x00002d2c                _sercom_get_sync_baud_val
 .text._sercom_get_async_baud_val
                0x00002d54      0x1c8 src/ASF/sam0/drivers/sercom/sercom.o
                0x00002d54                _sercom_get_async_baud_val
 .text.sercom_set_gclk_generator
                0x00002f1c       0x4c src/ASF/sam0/drivers/sercom/sercom.o
                0x00002f1c                sercom_set_gclk_generator
 .text._sercom_get_default_pad
                0x00002f68      0x18c src/ASF/sam0/drivers/sercom/sercom.o
                0x00002f68                _sercom_get_default_pad
 .text._sercom_get_sercom_inst_index
                0x000030f4       0x3c src/ASF/sam0/drivers/sercom/sercom.o
                0x000030f4                _sercom_get_sercom_inst_index
 .text._sercom_default_handler
                0x00003130        0x4 src/ASF/sam0/drivers/sercom/sercom_interrupt.o
 .text._sercom_set_handler
                0x00003134       0x3c src/ASF/sam0/drivers/sercom/sercom_interrupt.o
                0x00003134                _sercom_set_handler
 .text._sercom_get_interrupt_vector
                0x00003170       0x2c src/ASF/sam0/drivers/sercom/sercom_interrupt.o
                0x00003170                _sercom_get_interrupt_vector
 .text.SERCOM0_Handler
                0x0000319c       0x10 src/ASF/sam0/drivers/sercom/sercom_interrupt.o
                0x0000319c                SERCOM0_Handler
 .text.SERCOM1_Handler
                0x000031ac       0x10 src/ASF/sam0/drivers/sercom/sercom_interrupt.o
                0x000031ac                SERCOM1_Handler
 .text.SERCOM2_Handler
                0x000031bc       0x10 src/ASF/sam0/drivers/sercom/sercom_interrupt.o
                0x000031bc                SERCOM2_Handler
 .text.SERCOM3_Handler
                0x000031cc       0x10 src/ASF/sam0/drivers/sercom/sercom_interrupt.o
                0x000031cc                SERCOM3_Handler
 .text.SERCOM4_Handler
                0x000031dc       0x10 src/ASF/sam0/drivers/sercom/sercom_interrupt.o
                0x000031dc                SERCOM4_Handler
 .text.SERCOM5_Handler
                0x000031ec       0x10 src/ASF/sam0/drivers/sercom/sercom_interrupt.o
                0x000031ec                SERCOM5_Handler
 .text.spi_init
                0x000031fc      0x328 src/ASF/sam0/drivers/sercom/spi/spi.o
                0x000031fc                spi_init
 .text.spi_read_buffer_wait
                0x00003524       0xf8 src/ASF/sam0/drivers/sercom/spi/spi.o
                0x00003524                spi_read_buffer_wait
 .text.spi_select_slave
                0x0000361c       0xf4 src/ASF/sam0/drivers/sercom/spi/spi.o
                0x0000361c                spi_select_slave
 .text.spi_write_buffer_wait
                0x00003710      0x200 src/ASF/sam0/drivers/sercom/spi/spi.o
                0x00003710                spi_write_buffer_wait
 .text.usart_init
                0x00003910      0x394 src/ASF/sam0/drivers/sercom/usart/usart.o
                0x00003910                usart_init
 .text.usart_write_wait
                0x00003ca4       0x2c src/ASF/sam0/drivers/sercom/usart/usart.o
                0x00003ca4                usart_write_wait
 .text.usart_read_wait
                0x00003cd0       0x70 src/ASF/sam0/drivers/sercom/usart/usart.o
                0x00003cd0                usart_read_wait
 .text._usart_interrupt_handler
                0x00003d40      0x190 src/ASF/sam0/drivers/sercom/usart/usart_interrupt.o
                0x00003d40                _usart_interrupt_handler
 .text.wdt_reset_count
                0x00003ed0       0x14 src/ASF/sam0/drivers/wdt/wdt.o
                0x00003ed0                wdt_reset_count
 .text._read    0x00003ee4       0x40 src/ASF/sam0/utils/stdio/read.o
                0x00003ee4                _read
 .text._write   0x00003f24       0x50 src/ASF/sam0/utils/stdio/write.o
                0x00003f24                _write
 .text.Configure_Led
                0x00003f74       0x38 src/Source/led.o
                0x00003f74                Configure_Led
 .text.usart_serial_getchar
                0x00003fac       0x2c src/Source/usart.o
 .text.usart_serial_putchar
                0x00003fd8       0x18 src/Source/usart.o
 .text.Configure_Usart
                0x00003ff0      0x100 src/Source/usart.o
                0x00003ff0                Configure_Usart
 .text.system_board_init
                0x000040f0        0x4 src/ASF/common2/boards/user_board/init.o
                0x000040f0                board_init
                0x000040f0                system_board_init
 .text.cpu_irq_enter_critical
                0x000040f4       0x40 src/ASF/common/utils/interrupt/interrupt_sam_nvic.o
                0x000040f4                cpu_irq_enter_critical
 .text.cpu_irq_leave_critical
                0x00004134       0x30 src/ASF/common/utils/interrupt/interrupt_sam_nvic.o
                0x00004134                cpu_irq_leave_critical
 .text.system_clock_source_get_hz
                0x00004164       0x5c src/ASF/sam0/drivers/system/clock/clock_samc20_c21/clock.o
                0x00004164                system_clock_source_get_hz
 .text.system_clock_init
                0x000041c0       0x64 src/ASF/sam0/drivers/system/clock/clock_samc20_c21/clock.o
                0x000041c0                system_clock_init
 .text.system_gclk_init
                0x00004224       0x24 src/ASF/sam0/drivers/system/clock/clock_samc20_c21/gclk.o
                0x00004224                system_gclk_init
 .text.system_gclk_gen_set_config
                0x00004248       0xac src/ASF/sam0/drivers/system/clock/clock_samc20_c21/gclk.o
                0x00004248                system_gclk_gen_set_config
 .text.system_gclk_gen_enable
                0x000042f4       0x40 src/ASF/sam0/drivers/system/clock/clock_samc20_c21/gclk.o
                0x000042f4                system_gclk_gen_enable
 .text.system_gclk_gen_get_hz
                0x00004334       0x6c src/ASF/sam0/drivers/system/clock/clock_samc20_c21/gclk.o
                0x00004334                system_gclk_gen_get_hz
 .text.system_gclk_chan_enable
                0x000043a0       0x38 src/ASF/sam0/drivers/system/clock/clock_samc20_c21/gclk.o
                0x000043a0                system_gclk_chan_enable
 .text.system_gclk_chan_disable
                0x000043d8       0x38 src/ASF/sam0/drivers/system/clock/clock_samc20_c21/gclk.o
                0x000043d8                system_gclk_chan_disable
 .text.system_gclk_chan_set_config
                0x00004410       0x24 src/ASF/sam0/drivers/system/clock/clock_samc20_c21/gclk.o
                0x00004410                system_gclk_chan_set_config
 .text.system_gclk_chan_get_hz
                0x00004434       0x30 src/ASF/sam0/drivers/system/clock/clock_samc20_c21/gclk.o
                0x00004434                system_gclk_chan_get_hz
 .text._system_pinmux_config
                0x00004464       0xa8 src/ASF/sam0/drivers/system/pinmux/pinmux.o
 .text.system_pinmux_pin_set_config
                0x0000450c       0x2c src/ASF/sam0/drivers/system/pinmux/pinmux.o
                0x0000450c                system_pinmux_pin_set_config
 .text._system_dummy_init
                0x00004538        0x4 src/ASF/sam0/drivers/system/system.o
                0x00004538                _system_events_init
                0x00004538                _system_dummy_init
                0x00004538                _system_divas_init
 .text.system_init
                0x0000453c       0x2c src/ASF/sam0/drivers/system/system.o
                0x0000453c                system_init
 .text.Dummy_Handler
                0x00004568        0x4 src/ASF/sam0/utils/cmsis/samc21/source/gcc/startup_samc21.o
                0x00004568                DMAC_Handler
                0x00004568                HardFault_Handler
                0x00004568                TC2_Handler
                0x00004568                AC_Handler
                0x00004568                SysTick_Handler
                0x00004568                PendSV_Handler
                0x00004568                NMI_Handler
                0x00004568                TCC1_Handler
                0x00004568                TCC0_Handler
                0x00004568                RTC_Handler
                0x00004568                ADC1_Handler
                0x00004568                WDT_Handler
                0x00004568                CAN0_Handler
                0x00004568                TC4_Handler
                0x00004568                TC1_Handler
                0x00004568                TC3_Handler
                0x00004568                SDADC_Handler
                0x00004568                Dummy_Handler
                0x00004568                CAN1_Handler
                0x00004568                ADC0_Handler
                0x00004568                TSENS_Handler
                0x00004568                SVC_Handler
                0x00004568                TCC2_Handler
                0x00004568                EVSYS_Handler
                0x00004568                NVMCTRL_Handler
                0x00004568                SYSTEM_Handler
                0x00004568                DAC_Handler
                0x00004568                PTC_Handler
                0x00004568                FREQM_Handler
                0x00004568                TC0_Handler
 .text.Reset_Handler
                0x0000456c       0x9c src/ASF/sam0/utils/cmsis/samc21/source/gcc/startup_samc21.o
                0x0000456c                Reset_Handler
 .text._sbrk    0x00004608       0x24 src/ASF/sam0/utils/syscalls/gcc/syscalls.o
                0x00004608                _sbrk
 .text._close   0x0000462c        0x8 src/ASF/sam0/utils/syscalls/gcc/syscalls.o
                0x0000462c                _close
 .text._fstat   0x00004634        0xc src/ASF/sam0/utils/syscalls/gcc/syscalls.o
                0x00004634                _fstat
 .text._lseek   0x00004640        0x4 src/ASF/sam0/utils/syscalls/gcc/syscalls.o
                0x00004640                _lseek
 .text.main     0x00004644       0x9c src/main.o
                0x00004644                main
 .text          0x000046e0      0x114 c:/program files (x86)/atmel/studio/7.0/toolchain/arm/arm-gnu-toolchain/bin/../lib/gcc/arm-none-eabi/5.3.1/armv6-m\libgcc.a(_udivsi3.o)
                0x000046e0                __aeabi_uidiv
                0x000046e0                __udivsi3
                0x000047ec                __aeabi_uidivmod
 .text          0x000047f4      0x1d4 c:/program files (x86)/atmel/studio/7.0/toolchain/arm/arm-gnu-toolchain/bin/../lib/gcc/arm-none-eabi/5.3.1/armv6-m\libgcc.a(_divsi3.o)
                0x000047f4                __divsi3
                0x000047f4                __aeabi_idiv
                0x000049c0                __aeabi_idivmod
 .text          0x000049c8        0x4 c:/program files (x86)/atmel/studio/7.0/toolchain/arm/arm-gnu-toolchain/bin/../lib/gcc/arm-none-eabi/5.3.1/armv6-m\libgcc.a(_dvmd_tls.o)
                0x000049c8                __aeabi_idiv0
                0x000049c8                __aeabi_ldiv0
 .text          0x000049cc       0x58 c:/program files (x86)/atmel/studio/7.0/toolchain/arm/arm-gnu-toolchain/bin/../lib/gcc/arm-none-eabi/5.3.1/armv6-m\libgcc.a(_muldi3.o)
                0x000049cc                __muldi3
                0x000049cc                __aeabi_lmul
 .text.__libc_init_array
                0x00004a24       0x4c c:/program files (x86)/atmel/studio/7.0/toolchain/arm/arm-gnu-toolchain/bin/../lib/gcc/arm-none-eabi/5.3.1/../../../../arm-none-eabi/lib/armv6-m\libc_nano.a(lib_a-init.o)
                0x00004a24                __libc_init_array
 .text.memcpy   0x00004a70       0x12 c:/program files (x86)/atmel/studio/7.0/toolchain/arm/arm-gnu-toolchain/bin/../lib/gcc/arm-none-eabi/5.3.1/../../../../arm-none-eabi/lib/armv6-m\libc_nano.a(lib_a-memcpy-stub.o)
                0x00004a70                memcpy
 .text.memset   0x00004a82       0x10 c:/program files (x86)/atmel/studio/7.0/toolchain/arm/arm-gnu-toolchain/bin/../lib/gcc/arm-none-eabi/5.3.1/../../../../arm-none-eabi/lib/armv6-m\libc_nano.a(lib_a-memset.o)
                0x00004a82                memset
 .text.setbuf   0x00004a92       0x12 c:/program files (x86)/atmel/studio/7.0/toolchain/arm/arm-gnu-toolchain/bin/../lib/gcc/arm-none-eabi/5.3.1/../../../../arm-none-eabi/lib/armv6-m\libc_nano.a(lib_a-setbuf.o)
                0x00004a92                setbuf
 .text.setvbuf  0x00004aa4      0x160 c:/program files (x86)/atmel/studio/7.0/toolchain/arm/arm-gnu-toolchain/bin/../lib/gcc/arm-none-eabi/5.3.1/../../../../arm-none-eabi/lib/armv6-m\libc_nano.a(lib_a-setvbuf.o)
                0x00004aa4                setvbuf
 .text.__sflush_r
                0x00004c04      0x10c c:/program files (x86)/atmel/studio/7.0/toolchain/arm/arm-gnu-toolchain/bin/../lib/gcc/arm-none-eabi/5.3.1/../../../../arm-none-eabi/lib/armv6-m\libc_nano.a(lib_a-fflush.o)
                0x00004c04                __sflush_r
 .text._fflush_r
                0x00004d10       0x58 c:/program files (x86)/atmel/studio/7.0/toolchain/arm/arm-gnu-toolchain/bin/../lib/gcc/arm-none-eabi/5.3.1/../../../../arm-none-eabi/lib/armv6-m\libc_nano.a(lib_a-fflush.o)
                0x00004d10                _fflush_r
 .text._cleanup_r
                0x00004d68       0x10 c:/program files (x86)/atmel/studio/7.0/toolchain/arm/arm-gnu-toolchain/bin/../lib/gcc/arm-none-eabi/5.3.1/../../../../arm-none-eabi/lib/armv6-m\libc_nano.a(lib_a-findfp.o)
                0x00004d68                _cleanup_r
 .text.std.isra.0
                0x00004d78       0x48 c:/program files (x86)/atmel/studio/7.0/toolchain/arm/arm-gnu-toolchain/bin/../lib/gcc/arm-none-eabi/5.3.1/../../../../arm-none-eabi/lib/armv6-m\libc_nano.a(lib_a-findfp.o)
 .text.__sfmoreglue
                0x00004dc0       0x2c c:/program files (x86)/atmel/studio/7.0/toolchain/arm/arm-gnu-toolchain/bin/../lib/gcc/arm-none-eabi/5.3.1/../../../../arm-none-eabi/lib/armv6-m\libc_nano.a(lib_a-findfp.o)
                0x00004dc0                __sfmoreglue
 .text.__sinit  0x00004dec       0x68 c:/program files (x86)/atmel/studio/7.0/toolchain/arm/arm-gnu-toolchain/bin/../lib/gcc/arm-none-eabi/5.3.1/../../../../arm-none-eabi/lib/armv6-m\libc_nano.a(lib_a-findfp.o)
                0x00004dec                __sinit
 .text.__sfp    0x00004e54       0x7c c:/program files (x86)/atmel/studio/7.0/toolchain/arm/arm-gnu-toolchain/bin/../lib/gcc/arm-none-eabi/5.3.1/../../../../arm-none-eabi/lib/armv6-m\libc_nano.a(lib_a-findfp.o)
                0x00004e54                __sfp
 .text._fwalk_reent
                0x00004ed0       0x42 c:/program files (x86)/atmel/studio/7.0/toolchain/arm/arm-gnu-toolchain/bin/../lib/gcc/arm-none-eabi/5.3.1/../../../../arm-none-eabi/lib/armv6-m\libc_nano.a(lib_a-fwalk.o)
                0x00004ed0                _fwalk_reent
 *fill*         0x00004f12        0x2 
 .text.__swhatbuf_r
                0x00004f14       0x4c c:/program files (x86)/atmel/studio/7.0/toolchain/arm/arm-gnu-toolchain/bin/../lib/gcc/arm-none-eabi/5.3.1/../../../../arm-none-eabi/lib/armv6-m\libc_nano.a(lib_a-makebuf.o)
                0x00004f14                __swhatbuf_r
 .text.malloc   0x00004f60       0x14 c:/program files (x86)/atmel/studio/7.0/toolchain/arm/arm-gnu-toolchain/bin/../lib/gcc/arm-none-eabi/5.3.1/../../../../arm-none-eabi/lib/armv6-m\libc_nano.a(lib_a-malloc.o)
                0x00004f60                malloc
 .text._free_r  0x00004f74       0x8c c:/program files (x86)/atmel/studio/7.0/toolchain/arm/arm-gnu-toolchain/bin/../lib/gcc/arm-none-eabi/5.3.1/../../../../arm-none-eabi/lib/armv6-m\libc_nano.a(lib_a-nano-freer.o)
                0x00004f74                _free_r
 .text._malloc_r
                0x00005000       0xac c:/program files (x86)/atmel/studio/7.0/toolchain/arm/arm-gnu-toolchain/bin/../lib/gcc/arm-none-eabi/5.3.1/../../../../arm-none-eabi/lib/armv6-m\libc_nano.a(lib_a-nano-mallocr.o)
                0x00005000                _malloc_r
 .text._sbrk_r  0x000050ac       0x24 c:/program files (x86)/atmel/studio/7.0/toolchain/arm/arm-gnu-toolchain/bin/../lib/gcc/arm-none-eabi/5.3.1/../../../../arm-none-eabi/lib/armv6-m\libc_nano.a(lib_a-sbrkr.o)
                0x000050ac                _sbrk_r
 .text.__sread  0x000050d0       0x28 c:/program files (x86)/atmel/studio/7.0/toolchain/arm/arm-gnu-toolchain/bin/../lib/gcc/arm-none-eabi/5.3.1/../../../../arm-none-eabi/lib/armv6-m\libc_nano.a(lib_a-stdio.o)
                0x000050d0                __sread
 .text.__swrite
                0x000050f8       0x38 c:/program files (x86)/atmel/studio/7.0/toolchain/arm/arm-gnu-toolchain/bin/../lib/gcc/arm-none-eabi/5.3.1/../../../../arm-none-eabi/lib/armv6-m\libc_nano.a(lib_a-stdio.o)
                0x000050f8                __swrite
 .text.__sseek  0x00005130       0x2c c:/program files (x86)/atmel/studio/7.0/toolchain/arm/arm-gnu-toolchain/bin/../lib/gcc/arm-none-eabi/5.3.1/../../../../arm-none-eabi/lib/armv6-m\libc_nano.a(lib_a-stdio.o)
                0x00005130                __sseek
 .text.__sclose
                0x0000515c        0xc c:/program files (x86)/atmel/studio/7.0/toolchain/arm/arm-gnu-toolchain/bin/../lib/gcc/arm-none-eabi/5.3.1/../../../../arm-none-eabi/lib/armv6-m\libc_nano.a(lib_a-stdio.o)
                0x0000515c                __sclose
 .text._write_r
                0x00005168       0x28 c:/program files (x86)/atmel/studio/7.0/toolchain/arm/arm-gnu-toolchain/bin/../lib/gcc/arm-none-eabi/5.3.1/../../../../arm-none-eabi/lib/armv6-m\libc_nano.a(lib_a-writer.o)
                0x00005168                _write_r
 .text._close_r
                0x00005190       0x24 c:/program files (x86)/atmel/studio/7.0/toolchain/arm/arm-gnu-toolchain/bin/../lib/gcc/arm-none-eabi/5.3.1/../../../../arm-none-eabi/lib/armv6-m\libc_nano.a(lib_a-closer.o)
                0x00005190                _close_r
 .text._fstat_r
                0x000051b4       0x24 c:/program files (x86)/atmel/studio/7.0/toolchain/arm/arm-gnu-toolchain/bin/../lib/gcc/arm-none-eabi/5.3.1/../../../../arm-none-eabi/lib/armv6-m\libc_nano.a(lib_a-fstatr.o)
                0x000051b4                _fstat_r
 .text._lseek_r
                0x000051d8       0x28 c:/program files (x86)/atmel/studio/7.0/toolchain/arm/arm-gnu-toolchain/bin/../lib/gcc/arm-none-eabi/5.3.1/../../../../arm-none-eabi/lib/armv6-m\libc_nano.a(lib_a-lseekr.o)
                0x000051d8                _lseek_r
 .text._read_r  0x00005200       0x28 c:/program files (x86)/atmel/studio/7.0/toolchain/arm/arm-gnu-toolchain/bin/../lib/gcc/arm-none-eabi/5.3.1/../../../../arm-none-eabi/lib/armv6-m\libc_nano.a(lib_a-readr.o)
                0x00005200                _read_r
 *(.glue_7t)
 .glue_7t       0x00005228        0x0 linker stubs
 *(.glue_7)
 .glue_7        0x00005228        0x0 linker stubs
 *(.rodata .rodata* .gnu.linkonce.r.*)
 .rodata.TEMP_AD_TABLE
                0x00005228      0x11c src/Source/ad_dat.o
                0x00005228                TEMP_AD_TABLE
 .rodata.TEMP_TABLE
                0x00005344       0x8e src/Source/ad_dat.o
                0x00005344                TEMP_TABLE
 *fill*         0x000053d2        0x2 
 .rodata.Cell_volt
                0x000053d4       0xca src/Source/soc.o
                0x000053d4                Cell_volt
 *fill*         0x0000549e        0x2 
 .rodata.ucCRC_tCalc
                0x000054a0      0x100 src/Source/spi.o
                0x000054a0                ucCRC_tCalc
 .rodata.nvm_execute_command
                0x000055a0      0x118 src/ASF/sam0/drivers/nvm/nvm.o
 .rodata        0x000056b8       0x18 src/ASF/sam0/drivers/sercom/sercom.o
 .rodata        0x000056d0        0x6 src/ASF/sam0/drivers/sercom/sercom_interrupt.o
 *fill*         0x000056d6        0x2 
 .rodata.system_clock_source_get_hz
                0x000056d8       0x20 src/ASF/sam0/drivers/system/clock/clock_samc20_c21/clock.o
 .rodata.str1.1
                0x000056f8        0x2 c:/program files (x86)/atmel/studio/7.0/toolchain/arm/arm-gnu-toolchain/bin/../lib/gcc/arm-none-eabi/5.3.1/../../../../arm-none-eabi/lib/armv6-m\libc_nano.a(lib_a-impure.o)
 *fill*         0x000056fa        0x2 
 .rodata._global_impure_ptr
                0x000056fc        0x4 c:/program files (x86)/atmel/studio/7.0/toolchain/arm/arm-gnu-toolchain/bin/../lib/gcc/arm-none-eabi/5.3.1/../../../../arm-none-eabi/lib/armv6-m\libc_nano.a(lib_a-impure.o)
                0x000056fc                _global_impure_ptr
 .rodata.__sf_fake_stdin
                0x00005700       0x20 c:/program files (x86)/atmel/studio/7.0/toolchain/arm/arm-gnu-toolchain/bin/../lib/gcc/arm-none-eabi/5.3.1/../../../../arm-none-eabi/lib/armv6-m\libc_nano.a(lib_a-findfp.o)
                0x00005700                __sf_fake_stdin
 .rodata.__sf_fake_stdout
                0x00005720       0x20 c:/program files (x86)/atmel/studio/7.0/toolchain/arm/arm-gnu-toolchain/bin/../lib/gcc/arm-none-eabi/5.3.1/../../../../arm-none-eabi/lib/armv6-m\libc_nano.a(lib_a-findfp.o)
                0x00005720                __sf_fake_stdout
 .rodata.__sf_fake_stderr
                0x00005740       0x20 c:/program files (x86)/atmel/studio/7.0/toolchain/arm/arm-gnu-toolchain/bin/../lib/gcc/arm-none-eabi/5.3.1/../../../../arm-none-eabi/lib/armv6-m\libc_nano.a(lib_a-findfp.o)
                0x00005740                __sf_fake_stderr
 *(.ARM.extab* .gnu.linkonce.armextab.*)
                0x00005760                . = ALIGN (0x4)
 *(.init)
 .init          0x00005760        0x4 c:/program files (x86)/atmel/studio/7.0/toolchain/arm/arm-gnu-toolchain/bin/../lib/gcc/arm-none-eabi/5.3.1/armv6-m/crti.o
                0x00005760                _init
 .init          0x00005764        0x8 c:/program files (x86)/atmel/studio/7.0/toolchain/arm/arm-gnu-toolchain/bin/../lib/gcc/arm-none-eabi/5.3.1/armv6-m/crtn.o
                0x0000576c                . = ALIGN (0x4)
                0x0000576c                __preinit_array_start = .
 *(.preinit_array)
                0x0000576c                __preinit_array_end = .
                0x0000576c                . = ALIGN (0x4)
                0x0000576c                __init_array_start = .
 *(SORT(.init_array.*))
 *(.init_array)
 .init_array    0x0000576c        0x4 c:/program files (x86)/atmel/studio/7.0/toolchain/arm/arm-gnu-toolchain/bin/../lib/gcc/arm-none-eabi/5.3.1/armv6-m/crtbegin.o
                0x00005770                __init_array_end = .
                0x00005770                . = ALIGN (0x4)
 *crtbegin.o(.ctors)
 *(EXCLUDE_FILE(*crtend.o) .ctors)
 *(SORT(.ctors.*))
 *crtend.o(.ctors)
                0x00005770                . = ALIGN (0x4)
 *(.fini)
 .fini          0x00005770        0x4 c:/program files (x86)/atmel/studio/7.0/toolchain/arm/arm-gnu-toolchain/bin/../lib/gcc/arm-none-eabi/5.3.1/armv6-m/crti.o
                0x00005770                _fini
 .fini          0x00005774        0x8 c:/program files (x86)/atmel/studio/7.0/toolchain/arm/arm-gnu-toolchain/bin/../lib/gcc/arm-none-eabi/5.3.1/armv6-m/crtn.o
                0x0000577c                . = ALIGN (0x4)
                0x0000577c                __fini_array_start = .
 *(.fini_array)
 .fini_array    0x0000577c        0x4 c:/program files (x86)/atmel/studio/7.0/toolchain/arm/arm-gnu-toolchain/bin/../lib/gcc/arm-none-eabi/5.3.1/armv6-m/crtbegin.o
 *(SORT(.fini_array.*))
                0x00005780                __fini_array_end = .
 *crtbegin.o(.dtors)
 *(EXCLUDE_FILE(*crtend.o) .dtors)
 *(SORT(.dtors.*))
 *crtend.o(.dtors)
                0x00005780                . = ALIGN (0x4)
                0x00005780                _efixed = .
                [!provide]                PROVIDE (__exidx_start, .)

.vfp11_veneer   0x00005780        0x0
 .vfp11_veneer  0x00005780        0x0 linker stubs

.v4_bx          0x00005780        0x0
 .v4_bx         0x00005780        0x0 linker stubs

.iplt           0x00005780        0x0
 .iplt          0x00005780        0x0 c:/program files (x86)/atmel/studio/7.0/toolchain/arm/arm-gnu-toolchain/bin/../lib/gcc/arm-none-eabi/5.3.1/armv6-m/crtbegin.o

.eh_frame       0x00005780        0x0
 .eh_frame      0x00005780        0x0 c:/program files (x86)/atmel/studio/7.0/toolchain/arm/arm-gnu-toolchain/bin/../lib/gcc/arm-none-eabi/5.3.1/armv6-m/crtbegin.o

.rel.dyn        0x00005780        0x0
 .rel.iplt      0x00005780        0x0 c:/program files (x86)/atmel/studio/7.0/toolchain/arm/arm-gnu-toolchain/bin/../lib/gcc/arm-none-eabi/5.3.1/armv6-m/crtbegin.o

.jcr            0x00005780        0x0
 .jcr           0x00005780        0x0 c:/program files (x86)/atmel/studio/7.0/toolchain/arm/arm-gnu-toolchain/bin/../lib/gcc/arm-none-eabi/5.3.1/armv6-m/crtbegin.o

.igot.plt       0x00005780        0x0
 .igot.plt      0x00005780        0x0 c:/program files (x86)/atmel/studio/7.0/toolchain/arm/arm-gnu-toolchain/bin/../lib/gcc/arm-none-eabi/5.3.1/armv6-m/crtbegin.o

.ARM.exidx
 *(.ARM.exidx* .gnu.linkonce.armexidx.*)
                [!provide]                PROVIDE (__exidx_end, .)
                0x00005780                . = ALIGN (0x4)
                0x00005780                _etext = .

.relocate       0x20000000       0x70 load address 0x00005780
                0x20000000                . = ALIGN (0x4)
                0x20000000                _srelocate = .
 *(.ramfunc .ramfunc.*)
 *(.data .data.*)
 .data.cycles_per_us
                0x20000000        0x4 src/ASF/common2/services/delay/sam0/systick_counter.o
 .data.cycles_per_ms
                0x20000004        0x4 src/ASF/common2/services/delay/sam0/systick_counter.o
 .data.g_interrupt_enabled
                0x20000008        0x1 src/ASF/common/utils/interrupt/interrupt_sam_nvic.o
                0x20000008                g_interrupt_enabled
 *fill*         0x20000009        0x3 
 .data.impure_data
                0x2000000c       0x60 c:/program files (x86)/atmel/studio/7.0/toolchain/arm/arm-gnu-toolchain/bin/../lib/gcc/arm-none-eabi/5.3.1/../../../../arm-none-eabi/lib/armv6-m\libc_nano.a(lib_a-impure.o)
 .data._impure_ptr
                0x2000006c        0x4 c:/program files (x86)/atmel/studio/7.0/toolchain/arm/arm-gnu-toolchain/bin/../lib/gcc/arm-none-eabi/5.3.1/../../../../arm-none-eabi/lib/armv6-m\libc_nano.a(lib_a-impure.o)
                0x2000006c                _impure_ptr
                0x20000070                . = ALIGN (0x4)
                0x20000070                _erelocate = .

.bss            0x20000070      0x358 load address 0x000057f0
                0x20000070                . = ALIGN (0x4)
                0x20000070                _sbss = .
                0x20000070                _szero = .
 *(.bss .bss.*)
 .bss           0x20000070       0x1c c:/program files (x86)/atmel/studio/7.0/toolchain/arm/arm-gnu-toolchain/bin/../lib/gcc/arm-none-eabi/5.3.1/armv6-m/crtbegin.o
 .bss.nADC_VCHG
                0x2000008c        0x2 src/Source/ad_dat.o
                0x2000008c                nADC_VCHG
 .bss.ave_cnt   0x2000008e        0x1 src/Source/ad_dat.o
                0x2000008e                ave_cnt
 .bss.cell_first_read.15617
                0x2000008f        0x1 src/Source/ad_dat.o
 .bss.cell_index
                0x20000090        0x1 src/Source/ad_dat.o
                0x20000090                cell_index
 *fill*         0x20000091        0x1 
 .bss.nADC_VBAT
                0x20000092        0x2 src/Source/ad_dat.o
                0x20000092                nADC_VBAT
 .bss.nADC_VPACK
                0x20000094        0x2 src/Source/ad_dat.o
                0x20000094                nADC_VPACK
 .bss.AFE_OCC_DELAY_CNT_LIMIT
                0x20000096        0x1 src/Source/afe_wr.o
                0x20000096                AFE_OCC_DELAY_CNT_LIMIT
 .bss.AFE_SCD_DELAY_CNT_LIMIT
                0x20000097        0x1 src/Source/afe_wr.o
                0x20000097                AFE_SCD_DELAY_CNT_LIMIT
 .bss.AFE_OC_DELAY_CNT_LIMIT
                0x20000098        0x1 src/Source/afe_wr.o
                0x20000098                AFE_OC_DELAY_CNT_LIMIT
 .bss.his_dch_cur_max_delay
                0x20000099        0x1 src/Source/history.o
                0x20000099                his_dch_cur_max_delay
 .bss.his_bat_temp_max_delay
                0x2000009a        0x1 src/Source/history.o
                0x2000009a                his_bat_temp_max_delay
 .bss.his_vcell_max_delay
                0x2000009b        0x1 src/Source/history.o
                0x2000009b                his_vcell_max_delay
 .bss.his_soc_delay
                0x2000009c        0x1 src/Source/history.o
                0x2000009c                his_soc_delay
 .bss.his_pcb_temp_max_delay
                0x2000009d        0x1 src/Source/history.o
                0x2000009d                his_pcb_temp_max_delay
 .bss.his_sys_err_flags_delay
                0x2000009e        0x1 src/Source/history.o
                0x2000009e                his_sys_err_flags_delay
 .bss.his_bat_temp_min_delay
                0x2000009f        0x1 src/Source/history.o
                0x2000009f                his_bat_temp_min_delay
 .bss.last_SYS_ERR_FLAGS_VAL.15543
                0x200000a0        0x2 src/Source/history.o
 .bss.his_chg_cur_max_delay
                0x200000a2        0x1 src/Source/history.o
                0x200000a2                his_chg_cur_max_delay
 .bss.his_vcell_min_delay
                0x200000a3        0x1 src/Source/history.o
                0x200000a3                his_vcell_min_delay
 .bss.cell_err3_cnt
                0x200000a4        0x2 src/Source/protect.o
                0x200000a4                cell_err3_cnt
 .bss.sys_250ms_cnt
                0x200000a6        0x2 src/Source/protect.o
                0x200000a6                sys_250ms_cnt
 .bss.soft_occ_cnt
                0x200000a8        0x1 src/Source/protect.o
                0x200000a8                soft_occ_cnt
 .bss.Balanc_index
                0x200000a9        0x1 src/Source/protect.o
                0x200000a9                Balanc_index
 .bss.soft_dp_cnt
                0x200000aa        0x1 src/Source/protect.o
                0x200000aa                soft_dp_cnt
 .bss.soft_ocd_cnt
                0x200000ab        0x1 src/Source/protect.o
                0x200000ab                soft_ocd_cnt
 .bss.OCC_TIMEOUT
                0x200000ac        0x2 src/Source/protect.o
                0x200000ac                OCC_TIMEOUT
 .bss.cell_err_cnt
                0x200000ae        0x2 src/Source/protect.o
                0x200000ae                cell_err_cnt
 .bss.soft_pcb_ot_cnt
                0x200000b0        0x1 src/Source/protect.o
                0x200000b0                soft_pcb_ot_cnt
 *fill*         0x200000b1        0x1 
 .bss.cell_alarm_cnt
                0x200000b2        0x2 src/Source/protect.o
                0x200000b2                cell_alarm_cnt
 .bss.cell_shdn_cnt
                0x200000b4        0x2 src/Source/protect.o
                0x200000b4                cell_shdn_cnt
 .bss.soft_cp_cnt
                0x200000b6        0x1 src/Source/protect.o
                0x200000b6                soft_cp_cnt
 *fill*         0x200000b7        0x1 
 .bss.cell_err2_cnt
                0x200000b8        0x2 src/Source/protect.o
                0x200000b8                cell_err2_cnt
 .bss.OCD_TIMEOUT
                0x200000ba        0x2 src/Source/protect.o
                0x200000ba                OCD_TIMEOUT
 .bss.power_first_flag.15579
                0x200000bc        0x1 src/Source/soc.o
 .bss.soc_fcc_save
                0x200000bd        0x1 src/Source/soc.o
                0x200000bd                soc_fcc_save
 .bss.chg_delay
                0x200000be        0x1 src/Source/soc.o
                0x200000be                chg_delay
 .bss.stop_cap_update_val
                0x200000bf        0x1 src/Source/soc.o
                0x200000bf                stop_cap_update_val
 .bss.soc_fcc_reload
                0x200000c0        0x1 src/Source/soc.o
                0x200000c0                soc_fcc_reload
 *fill*         0x200000c1        0x1 
 .bss.vbat_1min_delay
                0x200000c2        0x2 src/Source/soc.o
                0x200000c2                vbat_1min_delay
 .bss.dch_delay
                0x200000c4        0x1 src/Source/soc.o
                0x200000c4                dch_delay
 .bss.cap_save_delay_cnt
                0x200000c5        0x1 src/Source/soc.o
                0x200000c5                cap_save_delay_cnt
 .bss.vbat_1min_last_val
                0x200000c6        0x2 src/Source/soc.o
                0x200000c6                vbat_1min_last_val
 .bss.fullcap_reload_delay
                0x200000c8        0x1 src/Source/soc.o
                0x200000c8                fullcap_reload_delay
 *fill*         0x200000c9        0x1 
 .bss.chg_record_cnt
                0x200000ca        0x2 src/Source/soc.o
                0x200000ca                chg_record_cnt
 .bss.uv_re_cap_rate
                0x200000cc        0x1 src/Source/soc.o
                0x200000cc                uv_re_cap_rate
 .bss.temp_soc_err_cnt
                0x200000cd        0x1 src/Source/soc.o
                0x200000cd                temp_soc_err_cnt
 .bss.vbat_10s_last_val
                0x200000ce        0x2 src/Source/soc.o
                0x200000ce                vbat_10s_last_val
 .bss.cap_update_reload_cnt
                0x200000d0        0x1 src/Source/soc.o
                0x200000d0                cap_update_reload_cnt
 *fill*         0x200000d1        0x3 
 .bss.uv_cap_val
                0x200000d4        0x4 src/Source/soc.o
                0x200000d4                uv_cap_val
 .bss.ucSPI_SendData
                0x200000d8        0x5 src/Source/spi.o
 .bss.afe_lost_cnt
                0x200000dd        0x1 src/Source/spi.o
                0x200000dd                afe_lost_cnt
 *fill*         0x200000de        0x2 
 .bss.ucSPI_RecvData
                0x200000e0        0x3 src/Source/spi.o
 *fill*         0x200000e3        0x1 
 .bss._nvm_dev  0x200000e4        0x6 src/ASF/sam0/drivers/nvm/nvm.o
 *fill*         0x200000ea        0x2 
 .bss._sercom_config
                0x200000ec        0x2 src/ASF/sam0/drivers/sercom/sercom.o
 .bss._handler_table_initialized
                0x200000ee        0x1 src/ASF/sam0/drivers/sercom/sercom_interrupt.o
 *fill*         0x200000ef        0x1 
 .bss._sercom_interrupt_handlers
                0x200000f0       0x18 src/ASF/sam0/drivers/sercom/sercom_interrupt.o
 .bss.cpu_irq_critical_section_counter
                0x20000108        0x4 src/ASF/common/utils/interrupt/interrupt_sam_nvic.o
 .bss.cpu_irq_prev_interrupt_state
                0x2000010c        0x1 src/ASF/common/utils/interrupt/interrupt_sam_nvic.o
 *fill*         0x2000010d        0x3 
 .bss._system_clock_inst
                0x20000110        0xc src/ASF/sam0/drivers/system/clock/clock_samc20_c21/clock.o
 .bss.heap.5286
                0x2000011c        0x4 src/ASF/sam0/utils/syscalls/gcc/syscalls.o
 .bss.__malloc_sbrk_start
                0x20000120        0x4 c:/program files (x86)/atmel/studio/7.0/toolchain/arm/arm-gnu-toolchain/bin/../lib/gcc/arm-none-eabi/5.3.1/../../../../arm-none-eabi/lib/armv6-m\libc_nano.a(lib_a-nano-mallocr.o)
                0x20000120                __malloc_sbrk_start
 .bss.__malloc_free_list
                0x20000124        0x4 c:/program files (x86)/atmel/studio/7.0/toolchain/arm/arm-gnu-toolchain/bin/../lib/gcc/arm-none-eabi/5.3.1/../../../../arm-none-eabi/lib/armv6-m\libc_nano.a(lib_a-nano-mallocr.o)
                0x20000124                __malloc_free_list
 *(COMMON)
 COMMON         0x20000128       0x88 src/Source/ad_dat.o
                0x20000128                TEMP_1_PCB
                0x20000129                TEMP_5_BAT
                0x2000012a                TEMP_4_BAT
                0x2000012b                TEMP_2_PCB
                0x2000012c                TEMP_3_BAT
                0x20000130                Cell_Value
 COMMON         0x200001b0        0x2 src/Source/soc.o
                0x200001b0                deta_time_val
 *fill*         0x200001b2        0x2 
 COMMON         0x200001b4        0xf src/Source/spi.o
                0x200001b4                spi_master_instance
                0x200001c0                slave
 COMMON         0x200001c3        0x1 src/ASF/sam0/drivers/extint/extint_callback.o
                0x200001c3                _current_channel
 COMMON         0x200001c4       0x40 src/ASF/sam0/drivers/extint/extint_sam_l_c/extint.o
                0x200001c4                _extint_dev
 COMMON         0x20000204       0x18 src/ASF/sam0/drivers/sercom/sercom_interrupt.o
                0x20000204                _sercom_instances
 COMMON         0x2000021c        0x4 src/ASF/sam0/utils/stdio/read.o
                0x2000021c                ptr_get
 COMMON         0x20000220        0x8 src/ASF/sam0/utils/stdio/write.o
                0x20000220                ptr_put
                0x20000224                stdio_base
 COMMON         0x20000228       0x34 src/Source/usart.o
                0x20000228                usart_instance
 COMMON         0x2000025c      0x168 src/main.o
                0x2000025c                nADC_TMONI_BAT_MIN
                0x20000260                ucSPI_Conti_RecvData
                0x20000310                Total_VBAT
                0x20000312                nADC_CELL_MIN
                0x20000314                g_sys_cap
                0x20000340                nADC_CELL_MAX
                0x20000342                cap_update
                0x20000344                g_bal_state
                0x20000348                g_bal_need
                0x2000034c                spi_read_value
                0x20000350                sleep_delay_cycle
                0x20000352                nADC_CURRENT
                0x20000354                sys_flags
                0x20000358                AVE_CURRENT
                0x20000360                g_sys_history
                0x20000370                sys_err_flags
                0x20000374                nADC_TMONI_BAT_MAX
                0x20000378                flash_flags
                0x2000037a                AFE_OCC_DELAY_CNT
                0x2000037c                afe_flags
                0x2000037e                PWR_VALUE
                0x20000380                nADC_TMONI_PCB_MAX
                0x20000384                flash_ram_buffer
                0x200003a0                sys_states
                0x200003a2                AFE_SCD_DELAY_CNT
                0x200003a3                AFE_OC_DELAY_CNT
                0x200003a4                nADC_Cell_Value
 COMMON         0x200003c4        0x4 c:/program files (x86)/atmel/studio/7.0/toolchain/arm/arm-gnu-toolchain/bin/../lib/gcc/arm-none-eabi/5.3.1/../../../../arm-none-eabi/lib/armv6-m\libc_nano.a(lib_a-reent.o)
                0x200003c4                errno
                0x200003c8                . = ALIGN (0x4)
                0x200003c8                _ebss = .
                0x200003c8                _ezero = .

.stack          0x200003c8     0x2000 load address 0x00005b48
                0x200003c8                . = ALIGN (0x8)
                0x200003c8                _sstack = .
                0x200023c8                . = (. + STACK_SIZE)
 *fill*         0x200003c8     0x2000 
                0x200023c8                . = ALIGN (0x8)
                0x200023c8                _estack = .
                0x200023c8                . = ALIGN (0x4)
                0x200023c8                _end = .
OUTPUT(ATMEL-ES49503.elf elf32-littlearm)

.ARM.attributes
                0x00000000       0x28
 .ARM.attributes
                0x00000000       0x1e c:/program files (x86)/atmel/studio/7.0/toolchain/arm/arm-gnu-toolchain/bin/../lib/gcc/arm-none-eabi/5.3.1/armv6-m/crti.o
 .ARM.attributes
                0x0000001e       0x2c c:/program files (x86)/atmel/studio/7.0/toolchain/arm/arm-gnu-toolchain/bin/../lib/gcc/arm-none-eabi/5.3.1/armv6-m/crtbegin.o
 .ARM.attributes
                0x0000004a       0x32 src/Source/ad_dat.o
 .ARM.attributes
                0x0000007c       0x32 src/Source/afe_wr.o
 .ARM.attributes
                0x000000ae       0x32 src/Source/flash.o
 .ARM.attributes
                0x000000e0       0x32 src/Source/history.o
 .ARM.attributes
                0x00000112       0x32 src/Source/power.o
 .ARM.attributes
                0x00000144       0x32 src/Source/protect.o
 .ARM.attributes
                0x00000176       0x32 src/Source/soc.o
 .ARM.attributes
                0x000001a8       0x32 src/Source/spi.o
 .ARM.attributes
                0x000001da       0x32 src/Source/wdt.o
 .ARM.attributes
                0x0000020c       0x32 src/ASF/common2/services/delay/sam0/systick_counter.o
 .ARM.attributes
                0x0000023e       0x32 src/ASF/sam0/drivers/extint/extint_callback.o
 .ARM.attributes
                0x00000270       0x32 src/ASF/sam0/drivers/extint/extint_sam_l_c/extint.o
 .ARM.attributes
                0x000002a2       0x32 src/ASF/sam0/drivers/nvm/nvm.o
 .ARM.attributes
                0x000002d4       0x32 src/ASF/sam0/drivers/port/port.o
 .ARM.attributes
                0x00000306       0x32 src/ASF/sam0/drivers/sercom/sercom.o
 .ARM.attributes
                0x00000338       0x32 src/ASF/sam0/drivers/sercom/sercom_interrupt.o
 .ARM.attributes
                0x0000036a       0x32 src/ASF/sam0/drivers/sercom/spi/spi.o
 .ARM.attributes
                0x0000039c       0x32 src/ASF/sam0/drivers/sercom/usart/usart.o
 .ARM.attributes
                0x000003ce       0x32 src/ASF/sam0/drivers/sercom/usart/usart_interrupt.o
 .ARM.attributes
                0x00000400       0x32 src/ASF/sam0/drivers/wdt/wdt.o
 .ARM.attributes
                0x00000432       0x32 src/ASF/sam0/utils/stdio/read.o
 .ARM.attributes
                0x00000464       0x32 src/ASF/sam0/utils/stdio/write.o
 .ARM.attributes
                0x00000496       0x32 src/Source/led.o
 .ARM.attributes
                0x000004c8       0x32 src/Source/usart.o
 .ARM.attributes
                0x000004fa       0x32 src/ASF/common2/boards/user_board/init.o
 .ARM.attributes
                0x0000052c       0x32 src/ASF/common/utils/interrupt/interrupt_sam_nvic.o
 .ARM.attributes
                0x0000055e       0x32 src/ASF/sam0/drivers/system/clock/clock_samc20_c21/clock.o
 .ARM.attributes
                0x00000590       0x32 src/ASF/sam0/drivers/system/clock/clock_samc20_c21/gclk.o
 .ARM.attributes
                0x000005c2       0x32 src/ASF/sam0/drivers/system/pinmux/pinmux.o
 .ARM.attributes
                0x000005f4       0x32 src/ASF/sam0/drivers/system/system.o
 .ARM.attributes
                0x00000626       0x32 src/ASF/sam0/utils/cmsis/samc21/source/gcc/startup_samc21.o
 .ARM.attributes
                0x00000658       0x32 src/ASF/sam0/utils/syscalls/gcc/syscalls.o
 .ARM.attributes
                0x0000068a       0x32 src/main.o
 .ARM.attributes
                0x000006bc       0x1e c:/program files (x86)/atmel/studio/7.0/toolchain/arm/arm-gnu-toolchain/bin/../lib/gcc/arm-none-eabi/5.3.1/armv6-m\libgcc.a(_udivsi3.o)
 .ARM.attributes
                0x000006da       0x1e c:/program files (x86)/atmel/studio/7.0/toolchain/arm/arm-gnu-toolchain/bin/../lib/gcc/arm-none-eabi/5.3.1/armv6-m\libgcc.a(_divsi3.o)
 .ARM.attributes
                0x000006f8       0x1e c:/program files (x86)/atmel/studio/7.0/toolchain/arm/arm-gnu-toolchain/bin/../lib/gcc/arm-none-eabi/5.3.1/armv6-m\libgcc.a(_dvmd_tls.o)
 .ARM.attributes
                0x00000716       0x2c c:/program files (x86)/atmel/studio/7.0/toolchain/arm/arm-gnu-toolchain/bin/../lib/gcc/arm-none-eabi/5.3.1/armv6-m\libgcc.a(_muldi3.o)
 .ARM.attributes
                0x00000742       0x2c c:/program files (x86)/atmel/studio/7.0/toolchain/arm/arm-gnu-toolchain/bin/../lib/gcc/arm-none-eabi/5.3.1/../../../../arm-none-eabi/lib/armv6-m\libc_nano.a(lib_a-impure.o)
 .ARM.attributes
                0x0000076e       0x2c c:/program files (x86)/atmel/studio/7.0/toolchain/arm/arm-gnu-toolchain/bin/../lib/gcc/arm-none-eabi/5.3.1/../../../../arm-none-eabi/lib/armv6-m\libc_nano.a(lib_a-init.o)
 .ARM.attributes
                0x0000079a       0x2c c:/program files (x86)/atmel/studio/7.0/toolchain/arm/arm-gnu-toolchain/bin/../lib/gcc/arm-none-eabi/5.3.1/../../../../arm-none-eabi/lib/armv6-m\libc_nano.a(lib_a-memcpy-stub.o)
 .ARM.attributes
                0x000007c6       0x2c c:/program files (x86)/atmel/studio/7.0/toolchain/arm/arm-gnu-toolchain/bin/../lib/gcc/arm-none-eabi/5.3.1/../../../../arm-none-eabi/lib/armv6-m\libc_nano.a(lib_a-memset.o)
 .ARM.attributes
                0x000007f2       0x2c c:/program files (x86)/atmel/studio/7.0/toolchain/arm/arm-gnu-toolchain/bin/../lib/gcc/arm-none-eabi/5.3.1/../../../../arm-none-eabi/lib/armv6-m\libc_nano.a(lib_a-setbuf.o)
 .ARM.attributes
                0x0000081e       0x2c c:/program files (x86)/atmel/studio/7.0/toolchain/arm/arm-gnu-toolchain/bin/../lib/gcc/arm-none-eabi/5.3.1/../../../../arm-none-eabi/lib/armv6-m\libc_nano.a(lib_a-setvbuf.o)
 .ARM.attributes
                0x0000084a       0x2c c:/program files (x86)/atmel/studio/7.0/toolchain/arm/arm-gnu-toolchain/bin/../lib/gcc/arm-none-eabi/5.3.1/../../../../arm-none-eabi/lib/armv6-m\libc_nano.a(lib_a-fflush.o)
 .ARM.attributes
                0x00000876       0x2c c:/program files (x86)/atmel/studio/7.0/toolchain/arm/arm-gnu-toolchain/bin/../lib/gcc/arm-none-eabi/5.3.1/../../../../arm-none-eabi/lib/armv6-m\libc_nano.a(lib_a-findfp.o)
 .ARM.attributes
                0x000008a2       0x2c c:/program files (x86)/atmel/studio/7.0/toolchain/arm/arm-gnu-toolchain/bin/../lib/gcc/arm-none-eabi/5.3.1/../../../../arm-none-eabi/lib/armv6-m\libc_nano.a(lib_a-fwalk.o)
 .ARM.attributes
                0x000008ce       0x2c c:/program files (x86)/atmel/studio/7.0/toolchain/arm/arm-gnu-toolchain/bin/../lib/gcc/arm-none-eabi/5.3.1/../../../../arm-none-eabi/lib/armv6-m\libc_nano.a(lib_a-makebuf.o)
 .ARM.attributes
                0x000008fa       0x2c c:/program files (x86)/atmel/studio/7.0/toolchain/arm/arm-gnu-toolchain/bin/../lib/gcc/arm-none-eabi/5.3.1/../../../../arm-none-eabi/lib/armv6-m\libc_nano.a(lib_a-malloc.o)
 .ARM.attributes
                0x00000926       0x2c c:/program files (x86)/atmel/studio/7.0/toolchain/arm/arm-gnu-toolchain/bin/../lib/gcc/arm-none-eabi/5.3.1/../../../../arm-none-eabi/lib/armv6-m\libc_nano.a(lib_a-nano-freer.o)
 .ARM.attributes
                0x00000952       0x2c c:/program files (x86)/atmel/studio/7.0/toolchain/arm/arm-gnu-toolchain/bin/../lib/gcc/arm-none-eabi/5.3.1/../../../../arm-none-eabi/lib/armv6-m\libc_nano.a(lib_a-nano-mallocr.o)
 .ARM.attributes
                0x0000097e       0x2c c:/program files (x86)/atmel/studio/7.0/toolchain/arm/arm-gnu-toolchain/bin/../lib/gcc/arm-none-eabi/5.3.1/../../../../arm-none-eabi/lib/armv6-m\libc_nano.a(lib_a-sbrkr.o)
 .ARM.attributes
                0x000009aa       0x2c c:/program files (x86)/atmel/studio/7.0/toolchain/arm/arm-gnu-toolchain/bin/../lib/gcc/arm-none-eabi/5.3.1/../../../../arm-none-eabi/lib/armv6-m\libc_nano.a(lib_a-stdio.o)
 .ARM.attributes
                0x000009d6       0x2c c:/program files (x86)/atmel/studio/7.0/toolchain/arm/arm-gnu-toolchain/bin/../lib/gcc/arm-none-eabi/5.3.1/../../../../arm-none-eabi/lib/armv6-m\libc_nano.a(lib_a-writer.o)
 .ARM.attributes
                0x00000a02       0x2c c:/program files (x86)/atmel/studio/7.0/toolchain/arm/arm-gnu-toolchain/bin/../lib/gcc/arm-none-eabi/5.3.1/../../../../arm-none-eabi/lib/armv6-m\libc_nano.a(lib_a-closer.o)
 .ARM.attributes
                0x00000a2e       0x2c c:/program files (x86)/atmel/studio/7.0/toolchain/arm/arm-gnu-toolchain/bin/../lib/gcc/arm-none-eabi/5.3.1/../../../../arm-none-eabi/lib/armv6-m\libc_nano.a(lib_a-fstatr.o)
 .ARM.attributes
                0x00000a5a       0x2c c:/program files (x86)/atmel/studio/7.0/toolchain/arm/arm-gnu-toolchain/bin/../lib/gcc/arm-none-eabi/5.3.1/../../../../arm-none-eabi/lib/armv6-m\libc_nano.a(lib_a-lseekr.o)
 .ARM.attributes
                0x00000a86       0x2c c:/program files (x86)/atmel/studio/7.0/toolchain/arm/arm-gnu-toolchain/bin/../lib/gcc/arm-none-eabi/5.3.1/../../../../arm-none-eabi/lib/armv6-m\libc_nano.a(lib_a-readr.o)
 .ARM.attributes
                0x00000ab2       0x2c c:/program files (x86)/atmel/studio/7.0/toolchain/arm/arm-gnu-toolchain/bin/../lib/gcc/arm-none-eabi/5.3.1/../../../../arm-none-eabi/lib/armv6-m\libc_nano.a(lib_a-reent.o)
 .ARM.attributes
                0x00000ade       0x1e c:/program files (x86)/atmel/studio/7.0/toolchain/arm/arm-gnu-toolchain/bin/../lib/gcc/arm-none-eabi/5.3.1/armv6-m/crtn.o

.comment        0x00000000       0x59
 .comment       0x00000000       0x59 src/Source/ad_dat.o
                                 0x5a (size before relaxing)
 .comment       0x00000059       0x5a src/Source/afe_wr.o
 .comment       0x00000059       0x5a src/Source/flash.o
 .comment       0x00000059       0x5a src/Source/history.o
 .comment       0x00000059       0x5a src/Source/power.o
 .comment       0x00000059       0x5a src/Source/protect.o
 .comment       0x00000059       0x5a src/Source/soc.o
 .comment       0x00000059       0x5a src/Source/spi.o
 .comment       0x00000059       0x5a src/Source/wdt.o
 .comment       0x00000059       0x5a src/ASF/common2/services/delay/sam0/systick_counter.o
 .comment       0x00000059       0x5a src/ASF/sam0/drivers/extint/extint_callback.o
 .comment       0x00000059       0x5a src/ASF/sam0/drivers/extint/extint_sam_l_c/extint.o
 .comment       0x00000059       0x5a src/ASF/sam0/drivers/nvm/nvm.o
 .comment       0x00000059       0x5a src/ASF/sam0/drivers/port/port.o
 .comment       0x00000059       0x5a src/ASF/sam0/drivers/sercom/sercom.o
 .comment       0x00000059       0x5a src/ASF/sam0/drivers/sercom/sercom_interrupt.o
 .comment       0x00000059       0x5a src/ASF/sam0/drivers/sercom/spi/spi.o
 .comment       0x00000059       0x5a src/ASF/sam0/drivers/sercom/usart/usart.o
 .comment       0x00000059       0x5a src/ASF/sam0/drivers/sercom/usart/usart_interrupt.o
 .comment       0x00000059       0x5a src/ASF/sam0/drivers/wdt/wdt.o
 .comment       0x00000059       0x5a src/ASF/sam0/utils/stdio/read.o
 .comment       0x00000059       0x5a src/ASF/sam0/utils/stdio/write.o
 .comment       0x00000059       0x5a src/Source/led.o
 .comment       0x00000059       0x5a src/Source/usart.o
 .comment       0x00000059       0x5a src/ASF/common2/boards/user_board/init.o
 .comment       0x00000059       0x5a src/ASF/common/utils/interrupt/interrupt_sam_nvic.o
 .comment       0x00000059       0x5a src/ASF/sam0/drivers/system/clock/clock_samc20_c21/clock.o
 .comment       0x00000059       0x5a src/ASF/sam0/drivers/system/clock/clock_samc20_c21/gclk.o
 .comment       0x00000059       0x5a src/ASF/sam0/drivers/system/pinmux/pinmux.o
 .comment       0x00000059       0x5a src/ASF/sam0/drivers/system/system.o
 .comment       0x00000059       0x5a src/ASF/sam0/utils/cmsis/samc21/source/gcc/startup_samc21.o
 .comment       0x00000059       0x5a src/ASF/sam0/utils/syscalls/gcc/syscalls.o
 .comment       0x00000059       0x5a src/main.o

.debug_info     0x00000000    0x335a7
 .debug_info    0x00000000     0x1292 src/Source/ad_dat.o
 .debug_info    0x00001292     0x2120 src/Source/afe_wr.o
 .debug_info    0x000033b2     0x17d5 src/Source/flash.o
 .debug_info    0x00004b87     0x1257 src/Source/history.o
 .debug_info    0x00005dde     0x1c15 src/Source/power.o
 .debug_info    0x000079f3     0x16b8 src/Source/protect.o
 .debug_info    0x000090ab     0x15b0 src/Source/soc.o
 .debug_info    0x0000a65b     0x4414 src/Source/spi.o
 .debug_info    0x0000ea6f      0xb97 src/Source/wdt.o
 .debug_info    0x0000f606      0x26b src/ASF/common2/services/delay/sam0/systick_counter.o
 .debug_info    0x0000f871      0xb0e src/ASF/sam0/drivers/extint/extint_callback.o
 .debug_info    0x0001037f     0x1a96 src/ASF/sam0/drivers/extint/extint_sam_l_c/extint.o
 .debug_info    0x00011e15     0x1bf0 src/ASF/sam0/drivers/nvm/nvm.o
 .debug_info    0x00013a05      0x920 src/ASF/sam0/drivers/port/port.o
 .debug_info    0x00014325     0x260e src/ASF/sam0/drivers/sercom/sercom.o
 .debug_info    0x00016933     0x2408 src/ASF/sam0/drivers/sercom/sercom_interrupt.o
 .debug_info    0x00018d3b     0x5c94 src/ASF/sam0/drivers/sercom/spi/spi.o
 .debug_info    0x0001e9cf     0x4281 src/ASF/sam0/drivers/sercom/usart/usart.o
 .debug_info    0x00022c50     0x2804 src/ASF/sam0/drivers/sercom/usart/usart_interrupt.o
 .debug_info    0x00025454      0xeb8 src/ASF/sam0/drivers/wdt/wdt.o
 .debug_info    0x0002630c      0x1c4 src/ASF/sam0/utils/stdio/read.o
 .debug_info    0x000264d0      0x1c1 src/ASF/sam0/utils/stdio/write.o
 .debug_info    0x00026691     0x1e93 src/Source/led.o
 .debug_info    0x00028524     0x3675 src/Source/usart.o
 .debug_info    0x0002bb99      0xa5f src/ASF/common2/boards/user_board/init.o
 .debug_info    0x0002c5f8      0x1ea src/ASF/common/utils/interrupt/interrupt_sam_nvic.o
 .debug_info    0x0002c7e2     0x2e6f src/ASF/sam0/drivers/system/clock/clock_samc20_c21/clock.o
 .debug_info    0x0002f651     0x12b9 src/ASF/sam0/drivers/system/clock/clock_samc20_c21/gclk.o
 .debug_info    0x0003090a      0xa81 src/ASF/sam0/drivers/system/pinmux/pinmux.o
 .debug_info    0x0003138b      0x17c src/ASF/sam0/drivers/system/system.o
 .debug_info    0x00031507      0x4d8 src/ASF/sam0/utils/cmsis/samc21/source/gcc/startup_samc21.o
 .debug_info    0x000319df      0x40f src/ASF/sam0/utils/syscalls/gcc/syscalls.o
 .debug_info    0x00031dee     0x17b9 src/main.o

.debug_abbrev   0x00000000     0x55bb
 .debug_abbrev  0x00000000      0x2e2 src/Source/ad_dat.o
 .debug_abbrev  0x000002e2      0x379 src/Source/afe_wr.o
 .debug_abbrev  0x0000065b      0x300 src/Source/flash.o
 .debug_abbrev  0x0000095b      0x26b src/Source/history.o
 .debug_abbrev  0x00000bc6      0x2a2 src/Source/power.o
 .debug_abbrev  0x00000e68      0x2ad src/Source/protect.o
 .debug_abbrev  0x00001115      0x2be src/Source/soc.o
 .debug_abbrev  0x000013d3      0x46a src/Source/spi.o
 .debug_abbrev  0x0000183d      0x212 src/Source/wdt.o
 .debug_abbrev  0x00001a4f      0x13e src/ASF/common2/services/delay/sam0/systick_counter.o
 .debug_abbrev  0x00001b8d      0x28c src/ASF/sam0/drivers/extint/extint_callback.o
 .debug_abbrev  0x00001e19      0x3e0 src/ASF/sam0/drivers/extint/extint_sam_l_c/extint.o
 .debug_abbrev  0x000021f9      0x3c3 src/ASF/sam0/drivers/nvm/nvm.o
 .debug_abbrev  0x000025bc      0x1c7 src/ASF/sam0/drivers/port/port.o
 .debug_abbrev  0x00002783      0x308 src/ASF/sam0/drivers/sercom/sercom.o
 .debug_abbrev  0x00002a8b      0x237 src/ASF/sam0/drivers/sercom/sercom_interrupt.o
 .debug_abbrev  0x00002cc2      0x473 src/ASF/sam0/drivers/sercom/spi/spi.o
 .debug_abbrev  0x00003135      0x3f8 src/ASF/sam0/drivers/sercom/usart/usart.o
 .debug_abbrev  0x0000352d      0x37f src/ASF/sam0/drivers/sercom/usart/usart_interrupt.o
 .debug_abbrev  0x000038ac      0x298 src/ASF/sam0/drivers/wdt/wdt.o
 .debug_abbrev  0x00003b44      0x10a src/ASF/sam0/utils/stdio/read.o
 .debug_abbrev  0x00003c4e       0xf7 src/ASF/sam0/utils/stdio/write.o
 .debug_abbrev  0x00003d45      0x313 src/Source/led.o
 .debug_abbrev  0x00004058      0x3cb src/Source/usart.o
 .debug_abbrev  0x00004423      0x1ba src/ASF/common2/boards/user_board/init.o
 .debug_abbrev  0x000045dd       0xf6 src/ASF/common/utils/interrupt/interrupt_sam_nvic.o
 .debug_abbrev  0x000046d3      0x334 src/ASF/sam0/drivers/system/clock/clock_samc20_c21/clock.o
 .debug_abbrev  0x00004a07      0x362 src/ASF/sam0/drivers/system/clock/clock_samc20_c21/gclk.o
 .debug_abbrev  0x00004d69      0x2bd src/ASF/sam0/drivers/system/pinmux/pinmux.o
 .debug_abbrev  0x00005026       0xbb src/ASF/sam0/drivers/system/system.o
 .debug_abbrev  0x000050e1      0x132 src/ASF/sam0/utils/cmsis/samc21/source/gcc/startup_samc21.o
 .debug_abbrev  0x00005213      0x13e src/ASF/sam0/utils/syscalls/gcc/syscalls.o
 .debug_abbrev  0x00005351      0x26a src/main.o

.debug_loc      0x00000000     0x9d8d
 .debug_loc     0x00000000      0x2f6 src/Source/ad_dat.o
 .debug_loc     0x000002f6      0x2da src/Source/afe_wr.o
 .debug_loc     0x000005d0      0x2ad src/Source/flash.o
 .debug_loc     0x0000087d      0x14c src/Source/history.o
 .debug_loc     0x000009c9      0x155 src/Source/power.o
 .debug_loc     0x00000b1e      0x16d src/Source/protect.o
 .debug_loc     0x00000c8b      0x452 src/Source/soc.o
 .debug_loc     0x000010dd      0xae8 src/Source/spi.o
 .debug_loc     0x00001bc5       0x5f src/Source/wdt.o
 .debug_loc     0x00001c24       0xe4 src/ASF/common2/services/delay/sam0/systick_counter.o
 .debug_loc     0x00001d08      0x219 src/ASF/sam0/drivers/extint/extint_callback.o
 .debug_loc     0x00001f21      0x4e2 src/ASF/sam0/drivers/extint/extint_sam_l_c/extint.o
 .debug_loc     0x00002403      0xffd src/ASF/sam0/drivers/nvm/nvm.o
 .debug_loc     0x00003400      0x13d src/ASF/sam0/drivers/port/port.o
 .debug_loc     0x0000353d      0x9ae src/ASF/sam0/drivers/sercom/sercom.o
 .debug_loc     0x00003eeb      0x16c src/ASF/sam0/drivers/sercom/sercom_interrupt.o
 .debug_loc     0x00004057     0x27b3 src/ASF/sam0/drivers/sercom/spi/spi.o
 .debug_loc     0x0000680a      0xc82 src/ASF/sam0/drivers/sercom/usart/usart.o
 .debug_loc     0x0000748c      0x5bb src/ASF/sam0/drivers/sercom/usart/usart_interrupt.o
 .debug_loc     0x00007a47       0xd2 src/ASF/sam0/drivers/wdt/wdt.o
 .debug_loc     0x00007b19       0xf0 src/ASF/sam0/utils/stdio/read.o
 .debug_loc     0x00007c09      0x130 src/ASF/sam0/utils/stdio/write.o
 .debug_loc     0x00007d39      0x5c0 src/Source/led.o
 .debug_loc     0x000082f9      0x224 src/Source/usart.o
 .debug_loc     0x0000851d      0xec1 src/ASF/sam0/drivers/system/clock/clock_samc20_c21/clock.o
 .debug_loc     0x000093de      0x504 src/ASF/sam0/drivers/system/clock/clock_samc20_c21/gclk.o
 .debug_loc     0x000098e2      0x37a src/ASF/sam0/drivers/system/pinmux/pinmux.o
 .debug_loc     0x00009c5c       0x20 src/ASF/sam0/drivers/system/system.o
 .debug_loc     0x00009c7c       0x20 src/ASF/sam0/utils/cmsis/samc21/source/gcc/startup_samc21.o
 .debug_loc     0x00009c9c       0xd1 src/ASF/sam0/utils/syscalls/gcc/syscalls.o
 .debug_loc     0x00009d6d       0x20 src/main.o

.debug_aranges  0x00000000      0x8b8
 .debug_aranges
                0x00000000       0x50 src/Source/ad_dat.o
 .debug_aranges
                0x00000050       0x58 src/Source/afe_wr.o
 .debug_aranges
                0x000000a8       0x58 src/Source/flash.o
 .debug_aranges
                0x00000100       0x28 src/Source/history.o
 .debug_aranges
                0x00000128       0x20 src/Source/power.o
 .debug_aranges
                0x00000148       0x58 src/Source/protect.o
 .debug_aranges
                0x000001a0       0x48 src/Source/soc.o
 .debug_aranges
                0x000001e8       0x78 src/Source/spi.o
 .debug_aranges
                0x00000260       0x28 src/Source/wdt.o
 .debug_aranges
                0x00000288       0x30 src/ASF/common2/services/delay/sam0/systick_counter.o
 .debug_aranges
                0x000002b8       0x48 src/ASF/sam0/drivers/extint/extint_callback.o
 .debug_aranges
                0x00000300       0x58 src/ASF/sam0/drivers/extint/extint_sam_l_c/extint.o
 .debug_aranges
                0x00000358       0x68 src/ASF/sam0/drivers/nvm/nvm.o
 .debug_aranges
                0x000003c0       0x28 src/ASF/sam0/drivers/port/port.o
 .debug_aranges
                0x000003e8       0x40 src/ASF/sam0/drivers/sercom/sercom.o
 .debug_aranges
                0x00000428       0x60 src/ASF/sam0/drivers/sercom/sercom_interrupt.o
 .debug_aranges
                0x00000488       0x58 src/ASF/sam0/drivers/sercom/spi/spi.o
 .debug_aranges
                0x000004e0       0x40 src/ASF/sam0/drivers/sercom/usart/usart.o
 .debug_aranges
                0x00000520       0x70 src/ASF/sam0/drivers/sercom/usart/usart_interrupt.o
 .debug_aranges
                0x00000590       0x28 src/ASF/sam0/drivers/wdt/wdt.o
 .debug_aranges
                0x000005b8       0x20 src/ASF/sam0/utils/stdio/read.o
 .debug_aranges
                0x000005d8       0x20 src/ASF/sam0/utils/stdio/write.o
 .debug_aranges
                0x000005f8       0x40 src/Source/led.o
 .debug_aranges
                0x00000638       0x30 src/Source/usart.o
 .debug_aranges
                0x00000668       0x20 src/ASF/common2/boards/user_board/init.o
 .debug_aranges
                0x00000688       0x28 src/ASF/common/utils/interrupt/interrupt_sam_nvic.o
 .debug_aranges
                0x000006b0       0x78 src/ASF/sam0/drivers/system/clock/clock_samc20_c21/clock.o
 .debug_aranges
                0x00000728       0x80 src/ASF/sam0/drivers/system/clock/clock_samc20_c21/gclk.o
 .debug_aranges
                0x000007a8       0x40 src/ASF/sam0/drivers/system/pinmux/pinmux.o
 .debug_aranges
                0x000007e8       0x28 src/ASF/sam0/drivers/system/system.o
 .debug_aranges
                0x00000810       0x28 src/ASF/sam0/utils/cmsis/samc21/source/gcc/startup_samc21.o
 .debug_aranges
                0x00000838       0x60 src/ASF/sam0/utils/syscalls/gcc/syscalls.o
 .debug_aranges
                0x00000898       0x20 src/main.o

.debug_ranges   0x00000000      0xd00
 .debug_ranges  0x00000000       0x40 src/Source/ad_dat.o
 .debug_ranges  0x00000040       0x48 src/Source/afe_wr.o
 .debug_ranges  0x00000088       0x48 src/Source/flash.o
 .debug_ranges  0x000000d0       0x18 src/Source/history.o
 .debug_ranges  0x000000e8       0x10 src/Source/power.o
 .debug_ranges  0x000000f8       0x48 src/Source/protect.o
 .debug_ranges  0x00000140       0x38 src/Source/soc.o
 .debug_ranges  0x00000178      0x110 src/Source/spi.o
 .debug_ranges  0x00000288       0x18 src/Source/wdt.o
 .debug_ranges  0x000002a0       0x50 src/ASF/common2/services/delay/sam0/systick_counter.o
 .debug_ranges  0x000002f0       0x60 src/ASF/sam0/drivers/extint/extint_callback.o
 .debug_ranges  0x00000350       0x60 src/ASF/sam0/drivers/extint/extint_sam_l_c/extint.o
 .debug_ranges  0x000003b0       0xd0 src/ASF/sam0/drivers/nvm/nvm.o
 .debug_ranges  0x00000480       0x18 src/ASF/sam0/drivers/port/port.o
 .debug_ranges  0x00000498       0x48 src/ASF/sam0/drivers/sercom/sercom.o
 .debug_ranges  0x000004e0       0x50 src/ASF/sam0/drivers/sercom/sercom_interrupt.o
 .debug_ranges  0x00000530      0x3a0 src/ASF/sam0/drivers/sercom/spi/spi.o
 .debug_ranges  0x000008d0      0x110 src/ASF/sam0/drivers/sercom/usart/usart.o
 .debug_ranges  0x000009e0       0x60 src/ASF/sam0/drivers/sercom/usart/usart_interrupt.o
 .debug_ranges  0x00000a40       0x18 src/ASF/sam0/drivers/wdt/wdt.o
 .debug_ranges  0x00000a58       0x10 src/ASF/sam0/utils/stdio/read.o
 .debug_ranges  0x00000a68       0x10 src/ASF/sam0/utils/stdio/write.o
 .debug_ranges  0x00000a78       0x30 src/Source/led.o
 .debug_ranges  0x00000aa8       0x20 src/Source/usart.o
 .debug_ranges  0x00000ac8       0x10 src/ASF/common2/boards/user_board/init.o
 .debug_ranges  0x00000ad8       0x18 src/ASF/common/utils/interrupt/interrupt_sam_nvic.o
 .debug_ranges  0x00000af0       0x68 src/ASF/sam0/drivers/system/clock/clock_samc20_c21/clock.o
 .debug_ranges  0x00000b58       0xe8 src/ASF/sam0/drivers/system/clock/clock_samc20_c21/gclk.o
 .debug_ranges  0x00000c40       0x30 src/ASF/sam0/drivers/system/pinmux/pinmux.o
 .debug_ranges  0x00000c70       0x18 src/ASF/sam0/drivers/system/system.o
 .debug_ranges  0x00000c88       0x18 src/ASF/sam0/utils/cmsis/samc21/source/gcc/startup_samc21.o
 .debug_ranges  0x00000ca0       0x50 src/ASF/sam0/utils/syscalls/gcc/syscalls.o
 .debug_ranges  0x00000cf0       0x10 src/main.o

.debug_macro    0x00000000    0x268c8
 .debug_macro   0x00000000      0x794 src/Source/ad_dat.o
 .debug_macro   0x00000794      0x856 src/Source/ad_dat.o
 .debug_macro   0x00000fea      0x16d src/Source/ad_dat.o
 .debug_macro   0x00001157      0x652 src/Source/ad_dat.o
 .debug_macro   0x000017a9       0x22 src/Source/ad_dat.o
 .debug_macro   0x000017cb       0x87 src/Source/ad_dat.o
 .debug_macro   0x00001852       0x44 src/Source/ad_dat.o
 .debug_macro   0x00001896       0xfd src/Source/ad_dat.o
 .debug_macro   0x00001993       0x22 src/Source/ad_dat.o
 .debug_macro   0x000019b5      0x1df src/Source/ad_dat.o
 .debug_macro   0x00001b94       0x10 src/Source/ad_dat.o
 .debug_macro   0x00001ba4       0x76 src/Source/ad_dat.o
 .debug_macro   0x00001c1a       0x16 src/Source/ad_dat.o
 .debug_macro   0x00001c30      0x6e5 src/Source/ad_dat.o
 .debug_macro   0x00002315      0xde2 src/Source/ad_dat.o
 .debug_macro   0x000030f7       0x22 src/Source/ad_dat.o
 .debug_macro   0x00003119       0x40 src/Source/ad_dat.o
 .debug_macro   0x00003159       0x3a src/Source/ad_dat.o
 .debug_macro   0x00003193       0x1f src/Source/ad_dat.o
 .debug_macro   0x000031b2      0x376 src/Source/ad_dat.o
 .debug_macro   0x00003528      0x897 src/Source/ad_dat.o
 .debug_macro   0x00003dbf      0x8c8 src/Source/ad_dat.o
 .debug_macro   0x00004687     0x2d61 src/Source/ad_dat.o
 .debug_macro   0x000073e8      0x226 src/Source/ad_dat.o
 .debug_macro   0x0000760e      0x289 src/Source/ad_dat.o
 .debug_macro   0x00007897      0x13b src/Source/ad_dat.o
 .debug_macro   0x000079d2      0xc44 src/Source/ad_dat.o
 .debug_macro   0x00008616      0x5f0 src/Source/ad_dat.o
 .debug_macro   0x00008c06      0x5c3 src/Source/ad_dat.o
 .debug_macro   0x000091c9      0x832 src/Source/ad_dat.o
 .debug_macro   0x000099fb      0x175 src/Source/ad_dat.o
 .debug_macro   0x00009b70      0x289 src/Source/ad_dat.o
 .debug_macro   0x00009df9      0x55f src/Source/ad_dat.o
 .debug_macro   0x0000a358      0x43d src/Source/ad_dat.o
 .debug_macro   0x0000a795      0x225 src/Source/ad_dat.o
 .debug_macro   0x0000a9ba      0x7aa src/Source/ad_dat.o
 .debug_macro   0x0000b164      0x55a src/Source/ad_dat.o
 .debug_macro   0x0000b6be      0x335 src/Source/ad_dat.o
 .debug_macro   0x0000b9f3      0x6ae src/Source/ad_dat.o
 .debug_macro   0x0000c0a1       0xc4 src/Source/ad_dat.o
 .debug_macro   0x0000c165      0x34c src/Source/ad_dat.o
 .debug_macro   0x0000c4b1       0x6a src/Source/ad_dat.o
 .debug_macro   0x0000c51b     0x1216 src/Source/ad_dat.o
 .debug_macro   0x0000d731      0x5af src/Source/ad_dat.o
 .debug_macro   0x0000dce0      0xfc5 src/Source/ad_dat.o
 .debug_macro   0x0000eca5      0x5a1 src/Source/ad_dat.o
 .debug_macro   0x0000f246      0x3c5 src/Source/ad_dat.o
 .debug_macro   0x0000f60b      0x8bc src/Source/ad_dat.o
 .debug_macro   0x0000fec7     0x19cc src/Source/ad_dat.o
 .debug_macro   0x00011893      0x3a3 src/Source/ad_dat.o
 .debug_macro   0x00011c36      0x378 src/Source/ad_dat.o
 .debug_macro   0x00011fae       0x94 src/Source/ad_dat.o
 .debug_macro   0x00012042       0xac src/Source/ad_dat.o
 .debug_macro   0x000120ee       0xac src/Source/ad_dat.o
 .debug_macro   0x0001219a      0x157 src/Source/ad_dat.o
 .debug_macro   0x000122f1      0x157 src/Source/ad_dat.o
 .debug_macro   0x00012448       0x4c src/Source/ad_dat.o
 .debug_macro   0x00012494       0x58 src/Source/ad_dat.o
 .debug_macro   0x000124ec       0x3a src/Source/ad_dat.o
 .debug_macro   0x00012526       0xd0 src/Source/ad_dat.o
 .debug_macro   0x000125f6       0xb8 src/Source/ad_dat.o
 .debug_macro   0x000126ae       0x64 src/Source/ad_dat.o
 .debug_macro   0x00012712      0x608 src/Source/ad_dat.o
 .debug_macro   0x00012d1a       0x46 src/Source/ad_dat.o
 .debug_macro   0x00012d60      0x1cc src/Source/ad_dat.o
 .debug_macro   0x00012f2c      0x192 src/Source/ad_dat.o
 .debug_macro   0x000130be       0x52 src/Source/ad_dat.o
 .debug_macro   0x00013110       0xa0 src/Source/ad_dat.o
 .debug_macro   0x000131b0       0xdc src/Source/ad_dat.o
 .debug_macro   0x0001328c       0x8e src/Source/ad_dat.o
 .debug_macro   0x0001331a       0x4c src/Source/ad_dat.o
 .debug_macro   0x00013366       0x64 src/Source/ad_dat.o
 .debug_macro   0x000133ca       0x22 src/Source/ad_dat.o
 .debug_macro   0x000133ec      0x178 src/Source/ad_dat.o
 .debug_macro   0x00013564       0x16 src/Source/ad_dat.o
 .debug_macro   0x0001357a       0xd6 src/Source/ad_dat.o
 .debug_macro   0x00013650       0xa0 src/Source/ad_dat.o
 .debug_macro   0x000136f0      0x13e src/Source/ad_dat.o
 .debug_macro   0x0001382e      0x13e src/Source/ad_dat.o
 .debug_macro   0x0001396c      0x13e src/Source/ad_dat.o
 .debug_macro   0x00013aaa      0x13e src/Source/ad_dat.o
 .debug_macro   0x00013be8      0x13e src/Source/ad_dat.o
 .debug_macro   0x00013d26      0x13e src/Source/ad_dat.o
 .debug_macro   0x00013e64       0x4c src/Source/ad_dat.o
 .debug_macro   0x00013eb0      0x176 src/Source/ad_dat.o
 .debug_macro   0x00014026       0xfa src/Source/ad_dat.o
 .debug_macro   0x00014120       0xfa src/Source/ad_dat.o
 .debug_macro   0x0001421a       0xfa src/Source/ad_dat.o
 .debug_macro   0x00014314       0xfa src/Source/ad_dat.o
 .debug_macro   0x0001440e       0xfa src/Source/ad_dat.o
 .debug_macro   0x00014508      0x124 src/Source/ad_dat.o
 .debug_macro   0x0001462c       0xfa src/Source/ad_dat.o
 .debug_macro   0x00014726       0xee src/Source/ad_dat.o
 .debug_macro   0x00014814       0x76 src/Source/ad_dat.o
 .debug_macro   0x0001488a       0x3a src/Source/ad_dat.o
 .debug_macro   0x000148c4      0x487 src/Source/ad_dat.o
 .debug_macro   0x00014d4b     0x268d src/Source/ad_dat.o
 .debug_macro   0x000173d8       0x82 src/Source/ad_dat.o
 .debug_macro   0x0001745a       0x52 src/Source/ad_dat.o
 .debug_macro   0x000174ac       0x35 src/Source/ad_dat.o
 .debug_macro   0x000174e1       0x9c src/Source/ad_dat.o
 .debug_macro   0x0001757d       0x16 src/Source/ad_dat.o
 .debug_macro   0x00017593       0x35 src/Source/ad_dat.o
 .debug_macro   0x000175c8      0x330 src/Source/ad_dat.o
 .debug_macro   0x000178f8       0x10 src/Source/ad_dat.o
 .debug_macro   0x00017908       0x52 src/Source/ad_dat.o
 .debug_macro   0x0001795a       0x16 src/Source/ad_dat.o
 .debug_macro   0x00017970       0x43 src/Source/ad_dat.o
 .debug_macro   0x000179b3      0x187 src/Source/ad_dat.o
 .debug_macro   0x00017b3a       0x22 src/Source/ad_dat.o
 .debug_macro   0x00017b5c       0x3a src/Source/ad_dat.o
 .debug_macro   0x00017b96       0x10 src/Source/ad_dat.o
 .debug_macro   0x00017ba6       0x40 src/Source/ad_dat.o
 .debug_macro   0x00017be6       0x6c src/Source/ad_dat.o
 .debug_macro   0x00017c52       0x16 src/Source/ad_dat.o
 .debug_macro   0x00017c68      0x182 src/Source/ad_dat.o
 .debug_macro   0x00017dea       0x16 src/Source/ad_dat.o
 .debug_macro   0x00017e00       0x16 src/Source/ad_dat.o
 .debug_macro   0x00017e16       0x29 src/Source/ad_dat.o
 .debug_macro   0x00017e3f       0x51 src/Source/ad_dat.o
 .debug_macro   0x00017e90       0x3f src/Source/ad_dat.o
 .debug_macro   0x00017ecf      0x3df src/Source/ad_dat.o
 .debug_macro   0x000182ae       0x18 src/Source/ad_dat.o
 .debug_macro   0x000182c6       0x10 src/Source/ad_dat.o
 .debug_macro   0x000182d6       0x19 src/Source/ad_dat.o
 .debug_macro   0x000182ef       0xa0 src/Source/ad_dat.o
 .debug_macro   0x0001838f      0x36c src/Source/ad_dat.o
 .debug_macro   0x000186fb       0x1c src/Source/ad_dat.o
 .debug_macro   0x00018717       0x16 src/Source/ad_dat.o
 .debug_macro   0x0001872d       0x18 src/Source/ad_dat.o
 .debug_macro   0x00018745      0x2bf src/Source/ad_dat.o
 .debug_macro   0x00018a04       0x18 src/Source/ad_dat.o
 .debug_macro   0x00018a1c       0x1f src/Source/ad_dat.o
 .debug_macro   0x00018a3b       0x2e src/Source/ad_dat.o
 .debug_macro   0x00018a69       0xb2 src/Source/ad_dat.o
 .debug_macro   0x00018b1b       0x10 src/Source/ad_dat.o
 .debug_macro   0x00018b2b       0x16 src/Source/ad_dat.o
 .debug_macro   0x00018b41       0x16 src/Source/ad_dat.o
 .debug_macro   0x00018b57       0x35 src/Source/ad_dat.o
 .debug_macro   0x00018b8c       0x57 src/Source/ad_dat.o
 .debug_macro   0x00018be3       0x33 src/Source/ad_dat.o
 .debug_macro   0x00018c16       0xca src/Source/ad_dat.o
 .debug_macro   0x00018ce0      0x19c src/Source/ad_dat.o
 .debug_macro   0x00018e7c       0xe2 src/Source/ad_dat.o
 .debug_macro   0x00018f5e      0x7ae src/Source/afe_wr.o
 .debug_macro   0x0001970c       0xdc src/Source/afe_wr.o
 .debug_macro   0x000197e8      0x124 src/Source/afe_wr.o
 .debug_macro   0x0001990c       0x76 src/Source/afe_wr.o
 .debug_macro   0x00019982      0x771 src/Source/flash.o
 .debug_macro   0x0001a0f3       0x70 src/Source/flash.o
 .debug_macro   0x0001a163      0x775 src/Source/history.o
 .debug_macro   0x0001a8d8       0x76 src/Source/history.o
 .debug_macro   0x0001a94e      0x78a src/Source/power.o
 .debug_macro   0x0001b0d8       0x52 src/Source/power.o
 .debug_macro   0x0001b12a      0x7a9 src/Source/protect.o
 .debug_macro   0x0001b8d3      0x11e src/Source/protect.o
 .debug_macro   0x0001b9f1      0x78f src/Source/soc.o
 .debug_macro   0x0001c180       0x70 src/Source/soc.o
 .debug_macro   0x0001c1f0      0x76f src/Source/spi.o
 .debug_macro   0x0001c95f       0xc4 src/Source/spi.o
 .debug_macro   0x0001ca23      0x76c src/Source/wdt.o
 .debug_macro   0x0001d18f      0x5da src/ASF/common2/services/delay/sam0/systick_counter.o
 .debug_macro   0x0001d769       0x16 src/ASF/common2/services/delay/sam0/systick_counter.o
 .debug_macro   0x0001d77f      0x5c1 src/ASF/sam0/drivers/extint/extint_callback.o
 .debug_macro   0x0001dd40       0x12 src/ASF/sam0/drivers/extint/extint_callback.o
 .debug_macro   0x0001dd52      0x626 src/ASF/sam0/drivers/extint/extint_sam_l_c/extint.o
 .debug_macro   0x0001e378       0x16 src/ASF/sam0/drivers/extint/extint_sam_l_c/extint.o
 .debug_macro   0x0001e38e      0x636 src/ASF/sam0/drivers/nvm/nvm.o
 .debug_macro   0x0001e9c4       0x12 src/ASF/sam0/drivers/nvm/nvm.o
 .debug_macro   0x0001e9d6      0x5b5 src/ASF/sam0/drivers/port/port.o
 .debug_macro   0x0001ef8b       0x19 src/ASF/sam0/drivers/port/port.o
 .debug_macro   0x0001efa4      0x633 src/ASF/sam0/drivers/sercom/sercom.o
 .debug_macro   0x0001f5d7      0x631 src/ASF/sam0/drivers/sercom/sercom_interrupt.o
 .debug_macro   0x0001fc08      0x663 src/ASF/sam0/drivers/sercom/spi/spi.o
 .debug_macro   0x0002026b      0x647 src/ASF/sam0/drivers/sercom/usart/usart.o
 .debug_macro   0x000208b2       0x5f src/ASF/sam0/drivers/sercom/usart/usart.o
 .debug_macro   0x00020911      0x648 src/ASF/sam0/drivers/sercom/usart/usart_interrupt.o
 .debug_macro   0x00020f59      0x5f2 src/ASF/sam0/drivers/wdt/wdt.o
 .debug_macro   0x0002154b      0x59b src/ASF/sam0/utils/stdio/read.o
 .debug_macro   0x00021ae6      0x59b src/ASF/sam0/utils/stdio/write.o
 .debug_macro   0x00022081      0x776 src/Source/led.o
 .debug_macro   0x000227f7       0x4c src/Source/led.o
 .debug_macro   0x00022843      0x770 src/Source/usart.o
 .debug_macro   0x00022fb3       0x34 src/Source/usart.o
 .debug_macro   0x00022fe7      0x757 src/ASF/common2/boards/user_board/init.o
 .debug_macro   0x0002373e      0x59b src/ASF/common/utils/interrupt/interrupt_sam_nvic.o
 .debug_macro   0x00023cd9      0x609 src/ASF/sam0/drivers/system/clock/clock_samc20_c21/clock.o
 .debug_macro   0x000242e2      0x266 src/ASF/sam0/drivers/system/clock/clock_samc20_c21/clock.o
 .debug_macro   0x00024548      0x5d5 src/ASF/sam0/drivers/system/clock/clock_samc20_c21/gclk.o
 .debug_macro   0x00024b1d      0x5ab src/ASF/sam0/drivers/system/pinmux/pinmux.o
 .debug_macro   0x000250c8       0x12 src/ASF/sam0/drivers/system/pinmux/pinmux.o
 .debug_macro   0x000250da      0x5e5 src/ASF/sam0/drivers/system/system.o
 .debug_macro   0x000256bf      0x3ad src/ASF/sam0/utils/cmsis/samc21/source/gcc/startup_samc21.o
 .debug_macro   0x00025a6c       0x3a src/ASF/sam0/utils/cmsis/samc21/source/gcc/startup_samc21.o
 .debug_macro   0x00025aa6      0x19c src/ASF/sam0/utils/syscalls/gcc/syscalls.o
 .debug_macro   0x00025c42       0x4c src/ASF/sam0/utils/syscalls/gcc/syscalls.o
 .debug_macro   0x00025c8e       0x8d src/ASF/sam0/utils/syscalls/gcc/syscalls.o
 .debug_macro   0x00025d1b       0x4a src/ASF/sam0/utils/syscalls/gcc/syscalls.o
 .debug_macro   0x00025d65       0x97 src/ASF/sam0/utils/syscalls/gcc/syscalls.o
 .debug_macro   0x00025dfc       0xf6 src/ASF/sam0/utils/syscalls/gcc/syscalls.o
 .debug_macro   0x00025ef2       0x52 src/ASF/sam0/utils/syscalls/gcc/syscalls.o
 .debug_macro   0x00025f44       0x16 src/ASF/sam0/utils/syscalls/gcc/syscalls.o
 .debug_macro   0x00025f5a       0x10 src/ASF/sam0/utils/syscalls/gcc/syscalls.o
 .debug_macro   0x00025f6a       0x41 src/ASF/sam0/utils/syscalls/gcc/syscalls.o
 .debug_macro   0x00025fab      0x122 src/ASF/sam0/utils/syscalls/gcc/syscalls.o
 .debug_macro   0x000260cd      0x7c8 src/main.o
 .debug_macro   0x00026895       0x33 src/main.o

.debug_line     0x00000000    0x1b049
 .debug_line    0x00000000     0x10b2 src/Source/ad_dat.o
 .debug_line    0x000010b2     0x1085 src/Source/afe_wr.o
 .debug_line    0x00002137     0x1015 src/Source/flash.o
 .debug_line    0x0000314c      0xf82 src/Source/history.o
 .debug_line    0x000040ce      0xf50 src/Source/power.o
 .debug_line    0x0000501e     0x1071 src/Source/protect.o
 .debug_line    0x0000608f     0x10c0 src/Source/soc.o
 .debug_line    0x0000714f     0x115a src/Source/spi.o
 .debug_line    0x000082a9      0xf1b src/Source/wdt.o
 .debug_line    0x000091c4      0xa65 src/ASF/common2/services/delay/sam0/systick_counter.o
 .debug_line    0x00009c29      0xa69 src/ASF/sam0/drivers/extint/extint_callback.o
 .debug_line    0x0000a692      0xcfe src/ASF/sam0/drivers/extint/extint_sam_l_c/extint.o
 .debug_line    0x0000b390      0xe4f src/ASF/sam0/drivers/nvm/nvm.o
 .debug_line    0x0000c1df      0x9a0 src/ASF/sam0/drivers/port/port.o
 .debug_line    0x0000cb7f      0xc6d src/ASF/sam0/drivers/sercom/sercom.o
 .debug_line    0x0000d7ec      0xc12 src/ASF/sam0/drivers/sercom/sercom_interrupt.o
 .debug_line    0x0000e3fe     0x13d9 src/ASF/sam0/drivers/sercom/spi/spi.o
 .debug_line    0x0000f7d7      0xdb3 src/ASF/sam0/drivers/sercom/usart/usart.o
 .debug_line    0x0001058a      0xd30 src/ASF/sam0/drivers/sercom/usart/usart_interrupt.o
 .debug_line    0x000112ba      0xb26 src/ASF/sam0/drivers/wdt/wdt.o
 .debug_line    0x00011de0      0x952 src/ASF/sam0/utils/stdio/read.o
 .debug_line    0x00012732      0x948 src/ASF/sam0/utils/stdio/write.o
 .debug_line    0x0001307a      0xfd4 src/Source/led.o
 .debug_line    0x0001404e      0xf91 src/Source/usart.o
 .debug_line    0x00014fdf      0xed8 src/ASF/common2/boards/user_board/init.o
 .debug_line    0x00015eb7      0x974 src/ASF/common/utils/interrupt/interrupt_sam_nvic.o
 .debug_line    0x0001682b      0xc92 src/ASF/sam0/drivers/system/clock/clock_samc20_c21/clock.o
 .debug_line    0x000174bd      0xcc9 src/ASF/sam0/drivers/system/clock/clock_samc20_c21/gclk.o
 .debug_line    0x00018186      0x9df src/ASF/sam0/drivers/system/pinmux/pinmux.o
 .debug_line    0x00018b65      0xa88 src/ASF/sam0/drivers/system/system.o
 .debug_line    0x000195ed      0x71b src/ASF/sam0/utils/cmsis/samc21/source/gcc/startup_samc21.o
 .debug_line    0x00019d08      0x3d0 src/ASF/sam0/utils/syscalls/gcc/syscalls.o
 .debug_line    0x0001a0d8      0xf71 src/main.o

.debug_str      0x00000000    0xa295f
 .debug_str     0x00000000    0x98cd3 src/Source/ad_dat.o
                              0x998c9 (size before relaxing)
 .debug_str     0x00098cd3      0xe52 src/Source/afe_wr.o
                              0x9a522 (size before relaxing)
 .debug_str     0x00099b25      0xa3b src/Source/flash.o
                              0x98e69 (size before relaxing)
 .debug_str     0x0009a560      0x10e src/Source/history.o
                              0x98d2f (size before relaxing)
 .debug_str     0x0009a66e      0x2c2 src/Source/power.o
                              0x99689 (size before relaxing)
 .debug_str     0x0009a930      0x1a7 src/Source/protect.o
                              0x9a2d9 (size before relaxing)
 .debug_str     0x0009aad7      0x1db src/Source/soc.o
                              0x995e3 (size before relaxing)
 .debug_str     0x0009acb2      0xfd1 src/Source/spi.o
                              0x9a0aa (size before relaxing)
 .debug_str     0x0009bc83      0x16f src/Source/wdt.o
                              0x984ed (size before relaxing)
 .debug_str     0x0009bdf2       0xa0 src/ASF/common2/services/delay/sam0/systick_counter.o
                              0x9457b (size before relaxing)
 .debug_str     0x0009be92      0x2d5 src/ASF/sam0/drivers/extint/extint_callback.o
                              0x94a19 (size before relaxing)
 .debug_str     0x0009c167      0xa74 src/ASF/sam0/drivers/extint/extint_sam_l_c/extint.o
                              0x95a13 (size before relaxing)
 .debug_str     0x0009cbdb      0xafe src/ASF/sam0/drivers/nvm/nvm.o
                              0x95bcb (size before relaxing)
 .debug_str     0x0009d6d9       0x53 src/ASF/sam0/drivers/port/port.o
                              0x94805 (size before relaxing)
 .debug_str     0x0009d72c      0x399 src/ASF/sam0/drivers/sercom/sercom.o
                              0x95abe (size before relaxing)